build	UNKNOWN STEP	ï»¿2025-07-02T10:23:32.0502628Z Current runner version: '2.325.0'
build	UNKNOWN STEP	2025-07-02T10:23:32.0525498Z ##[group]Runner Image Provisioner
build	UNKNOWN STEP	2025-07-02T10:23:32.0526263Z Hosted Compute Agent
build	UNKNOWN STEP	2025-07-02T10:23:32.0526910Z Version: 20250701.355
build	UNKNOWN STEP	2025-07-02T10:23:32.0527454Z Commit: 27f92e4f1798a901b7712d341e6f04a2ff90d227
build	UNKNOWN STEP	2025-07-02T10:23:32.0528104Z Build Date: 2025-07-01T18:23:27Z
build	UNKNOWN STEP	2025-07-02T10:23:32.0528747Z ##[endgroup]
build	UNKNOWN STEP	2025-07-02T10:23:32.0529256Z ##[group]Operating System
build	UNKNOWN STEP	2025-07-02T10:23:32.0530093Z Ubuntu
build	UNKNOWN STEP	2025-07-02T10:23:32.0530628Z 24.04.2
build	UNKNOWN STEP	2025-07-02T10:23:32.0531083Z LTS
build	UNKNOWN STEP	2025-07-02T10:23:32.0531491Z ##[endgroup]
build	UNKNOWN STEP	2025-07-02T10:23:32.0532019Z ##[group]Runner Image
build	UNKNOWN STEP	2025-07-02T10:23:32.0532537Z Image: ubuntu-24.04
build	UNKNOWN STEP	2025-07-02T10:23:32.0533023Z Version: 20250622.1.0
build	UNKNOWN STEP	2025-07-02T10:23:32.0534051Z Included Software: https://github.com/actions/runner-images/blob/ubuntu24/20250622.1/images/ubuntu/Ubuntu2404-Readme.md
build	UNKNOWN STEP	2025-07-02T10:23:32.0535511Z Image Release: https://github.com/actions/runner-images/releases/tag/ubuntu24%2F20250622.1
build	UNKNOWN STEP	2025-07-02T10:23:32.0536487Z ##[endgroup]
build	UNKNOWN STEP	2025-07-02T10:23:32.0538826Z ##[group]GITHUB_TOKEN Permissions
build	UNKNOWN STEP	2025-07-02T10:23:32.0541139Z Actions: write
build	UNKNOWN STEP	2025-07-02T10:23:32.0541699Z Attestations: write
build	UNKNOWN STEP	2025-07-02T10:23:32.0542161Z Checks: write
build	UNKNOWN STEP	2025-07-02T10:23:32.0542677Z Contents: write
build	UNKNOWN STEP	2025-07-02T10:23:32.0543209Z Deployments: write
build	UNKNOWN STEP	2025-07-02T10:23:32.0543668Z Discussions: write
build	UNKNOWN STEP	2025-07-02T10:23:32.0544174Z Issues: write
build	UNKNOWN STEP	2025-07-02T10:23:32.0544624Z Metadata: read
build	UNKNOWN STEP	2025-07-02T10:23:32.0545088Z Models: read
build	UNKNOWN STEP	2025-07-02T10:23:32.0545509Z Packages: write
build	UNKNOWN STEP	2025-07-02T10:23:32.0546091Z Pages: write
build	UNKNOWN STEP	2025-07-02T10:23:32.0546535Z PullRequests: write
build	UNKNOWN STEP	2025-07-02T10:23:32.0547042Z RepositoryProjects: write
build	UNKNOWN STEP	2025-07-02T10:23:32.0547617Z SecurityEvents: write
build	UNKNOWN STEP	2025-07-02T10:23:32.0548208Z Statuses: write
build	UNKNOWN STEP	2025-07-02T10:23:32.0548672Z ##[endgroup]
build	UNKNOWN STEP	2025-07-02T10:23:32.0550930Z Secret source: Actions
build	UNKNOWN STEP	2025-07-02T10:23:32.0551623Z Prepare workflow directory
build	UNKNOWN STEP	2025-07-02T10:23:32.0884569Z Prepare all required actions
build	UNKNOWN STEP	2025-07-02T10:23:32.0921029Z Getting action download info
build	UNKNOWN STEP	2025-07-02T10:23:32.4756578Z ##[group]Download immutable action package 'actions/checkout@v4'
build	UNKNOWN STEP	2025-07-02T10:23:32.4757660Z Version: 4.2.2
build	UNKNOWN STEP	2025-07-02T10:23:32.4758606Z Digest: sha256:ccb2698953eaebd21c7bf6268a94f9c26518a7e38e27e0b83c1fe1ad049819b1
build	UNKNOWN STEP	2025-07-02T10:23:32.4760117Z Source commit SHA: 11bd71901bbe5b1630ceea73d27597364c9af683
build	UNKNOWN STEP	2025-07-02T10:23:32.4760830Z ##[endgroup]
build	UNKNOWN STEP	2025-07-02T10:23:32.5700739Z ##[group]Download immutable action package 'actions/setup-node@v4'
build	UNKNOWN STEP	2025-07-02T10:23:32.5701476Z Version: 4.4.0
build	UNKNOWN STEP	2025-07-02T10:23:32.5702319Z Digest: sha256:9427cefe82346e992fb5b949e3569b39d537ae41aa3086483b14eceebfc16bc1
build	UNKNOWN STEP	2025-07-02T10:23:32.5703246Z Source commit SHA: 49933ea5288caeca8642d1e84afbd3f7d6820020
build	UNKNOWN STEP	2025-07-02T10:23:32.5703876Z ##[endgroup]
build	UNKNOWN STEP	2025-07-02T10:23:32.7692150Z Complete job name: build
build	UNKNOWN STEP	2025-07-02T10:23:32.8349836Z ##[group]Run actions/checkout@v4
build	UNKNOWN STEP	2025-07-02T10:23:32.8350657Z with:
build	UNKNOWN STEP	2025-07-02T10:23:32.8351155Z   repository: yashmahi88/github-model-test-basic
build	UNKNOWN STEP	2025-07-02T10:23:32.8351859Z   token: ***
build	UNKNOWN STEP	2025-07-02T10:23:32.8352214Z   ssh-strict: true
build	UNKNOWN STEP	2025-07-02T10:23:32.8352583Z   ssh-user: git
build	UNKNOWN STEP	2025-07-02T10:23:32.8352963Z   persist-credentials: true
build	UNKNOWN STEP	2025-07-02T10:23:32.8353431Z   clean: true
build	UNKNOWN STEP	2025-07-02T10:23:32.8353803Z   sparse-checkout-cone-mode: true
build	UNKNOWN STEP	2025-07-02T10:23:32.8354267Z   fetch-depth: 1
build	UNKNOWN STEP	2025-07-02T10:23:32.8354626Z   fetch-tags: false
build	UNKNOWN STEP	2025-07-02T10:23:32.8355284Z   show-progress: true
build	UNKNOWN STEP	2025-07-02T10:23:32.8355674Z   lfs: false
build	UNKNOWN STEP	2025-07-02T10:23:32.8356028Z   submodules: false
build	UNKNOWN STEP	2025-07-02T10:23:32.8356406Z   set-safe-directory: true
build	UNKNOWN STEP	2025-07-02T10:23:32.8357126Z ##[endgroup]
build	UNKNOWN STEP	2025-07-02T10:23:32.9421486Z Syncing repository: yashmahi88/github-model-test-basic
build	UNKNOWN STEP	2025-07-02T10:23:32.9423164Z ##[group]Getting Git version info
build	UNKNOWN STEP	2025-07-02T10:23:32.9424062Z Working directory is '/home/runner/work/github-model-test-basic/github-model-test-basic'
build	UNKNOWN STEP	2025-07-02T10:23:32.9425132Z [command]/usr/bin/git version
build	UNKNOWN STEP	2025-07-02T10:23:32.9497559Z git version 2.49.0
build	UNKNOWN STEP	2025-07-02T10:23:32.9523853Z ##[endgroup]
build	UNKNOWN STEP	2025-07-02T10:23:32.9539106Z Temporarily overriding HOME='/home/runner/work/_temp/8039446a-014f-4f97-8fb5-1517263f7483' before making global git config changes
build	UNKNOWN STEP	2025-07-02T10:23:32.9541683Z Adding repository directory to the temporary git global config as a safe directory
build	UNKNOWN STEP	2025-07-02T10:23:32.9552771Z [command]/usr/bin/git config --global --add safe.directory /home/runner/work/github-model-test-basic/github-model-test-basic
build	UNKNOWN STEP	2025-07-02T10:23:32.9586995Z Deleting the contents of '/home/runner/work/github-model-test-basic/github-model-test-basic'
build	UNKNOWN STEP	2025-07-02T10:23:32.9590425Z ##[group]Initializing the repository
build	UNKNOWN STEP	2025-07-02T10:23:32.9595557Z [command]/usr/bin/git init /home/runner/work/github-model-test-basic/github-model-test-basic
build	UNKNOWN STEP	2025-07-02T10:23:32.9673811Z hint: Using 'master' as the name for the initial branch. This default branch name
build	UNKNOWN STEP	2025-07-02T10:23:32.9675231Z hint: is subject to change. To configure the initial branch name to use in all
build	UNKNOWN STEP	2025-07-02T10:23:32.9676289Z hint: of your new repositories, which will suppress this warning, call:
build	UNKNOWN STEP	2025-07-02T10:23:32.9677371Z hint:
build	UNKNOWN STEP	2025-07-02T10:23:32.9677850Z hint: 	git config --global init.defaultBranch <name>
build	UNKNOWN STEP	2025-07-02T10:23:32.9678745Z hint:
build	UNKNOWN STEP	2025-07-02T10:23:32.9679940Z hint: Names commonly chosen instead of 'master' are 'main', 'trunk' and
build	UNKNOWN STEP	2025-07-02T10:23:32.9681574Z hint: 'development'. The just-created branch can be renamed via this command:
build	UNKNOWN STEP	2025-07-02T10:23:32.9682843Z hint:
build	UNKNOWN STEP	2025-07-02T10:23:32.9683567Z hint: 	git branch -m <name>
build	UNKNOWN STEP	2025-07-02T10:23:32.9685155Z Initialized empty Git repository in /home/runner/work/github-model-test-basic/github-model-test-basic/.git/
build	UNKNOWN STEP	2025-07-02T10:23:32.9690952Z [command]/usr/bin/git remote add origin https://github.com/yashmahi88/github-model-test-basic
build	UNKNOWN STEP	2025-07-02T10:23:32.9721414Z ##[endgroup]
build	UNKNOWN STEP	2025-07-02T10:23:32.9722605Z ##[group]Disabling automatic garbage collection
build	UNKNOWN STEP	2025-07-02T10:23:32.9726124Z [command]/usr/bin/git config --local gc.auto 0
build	UNKNOWN STEP	2025-07-02T10:23:32.9754681Z ##[endgroup]
build	UNKNOWN STEP	2025-07-02T10:23:32.9755853Z ##[group]Setting up auth
build	UNKNOWN STEP	2025-07-02T10:23:32.9762033Z [command]/usr/bin/git config --local --name-only --get-regexp core\.sshCommand
build	UNKNOWN STEP	2025-07-02T10:23:32.9792503Z [command]/usr/bin/git submodule foreach --recursive sh -c "git config --local --name-only --get-regexp 'core\.sshCommand' && git config --local --unset-all 'core.sshCommand' || :"
build	UNKNOWN STEP	2025-07-02T10:23:33.0053971Z [command]/usr/bin/git config --local --name-only --get-regexp http\.https\:\/\/github\.com\/\.extraheader
build	UNKNOWN STEP	2025-07-02T10:23:33.0083162Z [command]/usr/bin/git submodule foreach --recursive sh -c "git config --local --name-only --get-regexp 'http\.https\:\/\/github\.com\/\.extraheader' && git config --local --unset-all 'http.https://github.com/.extraheader' || :"
build	UNKNOWN STEP	2025-07-02T10:23:33.0304028Z [command]/usr/bin/git config --local http.https://github.com/.extraheader AUTHORIZATION: basic ***
build	UNKNOWN STEP	2025-07-02T10:23:33.0336031Z ##[endgroup]
build	UNKNOWN STEP	2025-07-02T10:23:33.0350968Z ##[group]Fetching the repository
build	UNKNOWN STEP	2025-07-02T10:23:33.0352285Z [command]/usr/bin/git -c protocol.version=2 fetch --no-tags --prune --no-recurse-submodules --depth=1 origin +8ea45a9918b1e41c7f243f17f3eefb20bd2692e4:refs/remotes/origin/master
build	UNKNOWN STEP	2025-07-02T10:23:33.6783586Z From https://github.com/yashmahi88/github-model-test-basic
build	UNKNOWN STEP	2025-07-02T10:23:33.6784776Z  * [new ref]         8ea45a9918b1e41c7f243f17f3eefb20bd2692e4 -> origin/master
build	UNKNOWN STEP	2025-07-02T10:23:33.6817950Z ##[endgroup]
build	UNKNOWN STEP	2025-07-02T10:23:33.6819222Z ##[group]Determining the checkout info
build	UNKNOWN STEP	2025-07-02T10:23:33.6820889Z ##[endgroup]
build	UNKNOWN STEP	2025-07-02T10:23:33.6825339Z [command]/usr/bin/git sparse-checkout disable
build	UNKNOWN STEP	2025-07-02T10:23:33.6866899Z [command]/usr/bin/git config --local --unset-all extensions.worktreeConfig
build	UNKNOWN STEP	2025-07-02T10:23:33.6892863Z ##[group]Checking out the ref
build	UNKNOWN STEP	2025-07-02T10:23:33.6895832Z [command]/usr/bin/git checkout --progress --force -B master refs/remotes/origin/master
build	UNKNOWN STEP	2025-07-02T10:23:33.6962849Z Reset branch 'master'
build	UNKNOWN STEP	2025-07-02T10:23:33.6965732Z branch 'master' set up to track 'origin/master'.
build	UNKNOWN STEP	2025-07-02T10:23:33.6971769Z ##[endgroup]
build	UNKNOWN STEP	2025-07-02T10:23:33.7004711Z [command]/usr/bin/git log -1 --format=%H
build	UNKNOWN STEP	2025-07-02T10:23:33.7025804Z 8ea45a9918b1e41c7f243f17f3eefb20bd2692e4
build	UNKNOWN STEP	2025-07-02T10:23:33.7263693Z ##[group]Run actions/setup-node@v4
build	UNKNOWN STEP	2025-07-02T10:23:33.7264355Z with:
build	UNKNOWN STEP	2025-07-02T10:23:33.7264739Z   node-version: 18
build	UNKNOWN STEP	2025-07-02T10:23:33.7265149Z   always-auth: false
build	UNKNOWN STEP	2025-07-02T10:23:33.7265573Z   check-latest: false
build	UNKNOWN STEP	2025-07-02T10:23:33.7266141Z   token: ***
build	UNKNOWN STEP	2025-07-02T10:23:33.7266516Z ##[endgroup]
build	UNKNOWN STEP	2025-07-02T10:23:33.8960883Z Found in cache @ /opt/hostedtoolcache/node/18.20.8/x64
build	UNKNOWN STEP	2025-07-02T10:23:33.8966917Z ##[group]Environment details
build	UNKNOWN STEP	2025-07-02T10:23:35.6861193Z node: v18.20.8
build	UNKNOWN STEP	2025-07-02T10:23:35.6861636Z npm: 10.8.2
build	UNKNOWN STEP	2025-07-02T10:23:35.6861877Z yarn: 1.22.22
build	UNKNOWN STEP	2025-07-02T10:23:35.6863314Z ##[endgroup]
build	UNKNOWN STEP	2025-07-02T10:23:35.6966146Z ##[group]Run sudo apt-get update && sudo apt-get install -y jq
build	UNKNOWN STEP	2025-07-02T10:23:35.6966676Z [36;1msudo apt-get update && sudo apt-get install -y jq[0m
build	UNKNOWN STEP	2025-07-02T10:23:35.7079065Z shell: /usr/bin/bash -e {0}
build	UNKNOWN STEP	2025-07-02T10:23:35.7079415Z ##[endgroup]
build	UNKNOWN STEP	2025-07-02T10:23:35.8271632Z Get:1 file:/etc/apt/apt-mirrors.txt Mirrorlist [144 B]
build	UNKNOWN STEP	2025-07-02T10:23:35.8595713Z Hit:2 http://azure.archive.ubuntu.com/ubuntu noble InRelease
build	UNKNOWN STEP	2025-07-02T10:23:35.8624053Z Get:3 http://azure.archive.ubuntu.com/ubuntu noble-updates InRelease [126 kB]
build	UNKNOWN STEP	2025-07-02T10:23:35.8702489Z Get:4 http://azure.archive.ubuntu.com/ubuntu noble-backports InRelease [126 kB]
build	UNKNOWN STEP	2025-07-02T10:23:35.8761768Z Get:5 http://azure.archive.ubuntu.com/ubuntu noble-security InRelease [126 kB]
build	UNKNOWN STEP	2025-07-02T10:23:35.8817039Z Get:6 https://packages.microsoft.com/repos/azure-cli noble InRelease [3564 B]
build	UNKNOWN STEP	2025-07-02T10:23:35.9107264Z Get:7 https://packages.microsoft.com/ubuntu/24.04/prod noble InRelease [3600 B]
build	UNKNOWN STEP	2025-07-02T10:23:36.0110872Z Get:8 http://azure.archive.ubuntu.com/ubuntu noble-updates/main amd64 Packages [1207 kB]
build	UNKNOWN STEP	2025-07-02T10:23:36.0267754Z Get:9 http://azure.archive.ubuntu.com/ubuntu noble-updates/main Translation-en [250 kB]
build	UNKNOWN STEP	2025-07-02T10:23:36.0292231Z Get:10 http://azure.archive.ubuntu.com/ubuntu noble-updates/main amd64 Components [161 kB]
build	UNKNOWN STEP	2025-07-02T10:23:36.0314828Z Get:11 http://azure.archive.ubuntu.com/ubuntu noble-updates/universe amd64 Packages [1098 kB]
build	UNKNOWN STEP	2025-07-02T10:23:36.0381706Z Get:12 http://azure.archive.ubuntu.com/ubuntu noble-updates/universe Translation-en [279 kB]
build	UNKNOWN STEP	2025-07-02T10:23:36.0411620Z Get:13 http://azure.archive.ubuntu.com/ubuntu noble-updates/universe amd64 Components [376 kB]
build	UNKNOWN STEP	2025-07-02T10:23:36.0453027Z Get:14 http://azure.archive.ubuntu.com/ubuntu noble-updates/restricted amd64 Packages [1367 kB]
build	UNKNOWN STEP	2025-07-02T10:23:36.0537678Z Get:15 http://azure.archive.ubuntu.com/ubuntu noble-updates/restricted Translation-en [294 kB]
build	UNKNOWN STEP	2025-07-02T10:23:36.0565235Z Get:16 http://azure.archive.ubuntu.com/ubuntu noble-updates/restricted amd64 Components [212 B]
build	UNKNOWN STEP	2025-07-02T10:23:36.0576254Z Get:17 http://azure.archive.ubuntu.com/ubuntu noble-updates/multiverse amd64 Packages [22.1 kB]
build	UNKNOWN STEP	2025-07-02T10:23:36.1022482Z Get:18 http://azure.archive.ubuntu.com/ubuntu noble-updates/multiverse Translation-en [4972 B]
build	UNKNOWN STEP	2025-07-02T10:23:36.1036492Z Get:19 http://azure.archive.ubuntu.com/ubuntu noble-updates/multiverse amd64 Components [940 B]
build	UNKNOWN STEP	2025-07-02T10:23:36.1047815Z Get:20 http://azure.archive.ubuntu.com/ubuntu noble-backports/main amd64 Components [7068 B]
build	UNKNOWN STEP	2025-07-02T10:23:36.1056378Z Get:21 http://azure.archive.ubuntu.com/ubuntu noble-backports/universe amd64 Components [16.4 kB]
build	UNKNOWN STEP	2025-07-02T10:23:36.1074514Z Get:22 http://azure.archive.ubuntu.com/ubuntu noble-backports/restricted amd64 Components [212 B]
build	UNKNOWN STEP	2025-07-02T10:23:36.1085396Z Get:23 http://azure.archive.ubuntu.com/ubuntu noble-backports/multiverse amd64 Components [212 B]
build	UNKNOWN STEP	2025-07-02T10:23:36.1398727Z Get:24 http://azure.archive.ubuntu.com/ubuntu noble-security/main amd64 Packages [958 kB]
build	UNKNOWN STEP	2025-07-02T10:23:36.1481597Z Get:25 http://azure.archive.ubuntu.com/ubuntu noble-security/main Translation-en [172 kB]
build	UNKNOWN STEP	2025-07-02T10:23:36.1506317Z Get:26 http://azure.archive.ubuntu.com/ubuntu noble-security/main amd64 Components [21.6 kB]
build	UNKNOWN STEP	2025-07-02T10:23:36.1514719Z Get:27 http://azure.archive.ubuntu.com/ubuntu noble-security/universe amd64 Packages [865 kB]
build	UNKNOWN STEP	2025-07-02T10:23:36.1572297Z Get:28 http://azure.archive.ubuntu.com/ubuntu noble-security/universe Translation-en [189 kB]
build	UNKNOWN STEP	2025-07-02T10:23:36.1598410Z Get:29 http://azure.archive.ubuntu.com/ubuntu noble-security/universe amd64 Components [52.2 kB]
build	UNKNOWN STEP	2025-07-02T10:23:36.1613024Z Get:30 http://azure.archive.ubuntu.com/ubuntu noble-security/restricted amd64 Packages [1322 kB]
build	UNKNOWN STEP	2025-07-02T10:23:36.1692987Z Get:31 http://azure.archive.ubuntu.com/ubuntu noble-security/restricted Translation-en [285 kB]
build	UNKNOWN STEP	2025-07-02T10:23:36.2059188Z Get:34 https://packages.microsoft.com/repos/azure-cli noble/main amd64 Packages [1437 B]
build	UNKNOWN STEP	2025-07-02T10:23:36.2141471Z Get:32 http://azure.archive.ubuntu.com/ubuntu noble-security/restricted amd64 Components [212 B]
build	UNKNOWN STEP	2025-07-02T10:23:36.2149895Z Get:33 http://azure.archive.ubuntu.com/ubuntu noble-security/multiverse amd64 Components [212 B]
build	UNKNOWN STEP	2025-07-02T10:23:36.2513942Z Get:35 https://packages.microsoft.com/ubuntu/24.04/prod noble/main arm64 Packages [24.8 kB]
build	UNKNOWN STEP	2025-07-02T10:23:36.2581313Z Get:36 https://packages.microsoft.com/ubuntu/24.04/prod noble/main armhf Packages [9049 B]
build	UNKNOWN STEP	2025-07-02T10:23:36.2648995Z Get:37 https://packages.microsoft.com/ubuntu/24.04/prod noble/main amd64 Packages [37.6 kB]
build	UNKNOWN STEP	2025-07-02T10:23:44.6869136Z Fetched 9407 kB in 1s (8192 kB/s)
build	UNKNOWN STEP	2025-07-02T10:23:45.3208557Z Reading package lists...
build	UNKNOWN STEP	2025-07-02T10:23:45.3518698Z Reading package lists...
build	UNKNOWN STEP	2025-07-02T10:23:45.4876905Z Building dependency tree...
build	UNKNOWN STEP	2025-07-02T10:23:45.4884359Z Reading state information...
build	UNKNOWN STEP	2025-07-02T10:23:45.6504143Z jq is already the newest version (1.7.1-3build1).
build	UNKNOWN STEP	2025-07-02T10:23:45.6505057Z 0 upgraded, 0 newly installed, 0 to remove and 45 not upgraded.
build	UNKNOWN STEP	2025-07-02T10:23:45.6550301Z ##[group]Run jq '.scripts = {
build	UNKNOWN STEP	2025-07-02T10:23:45.6550611Z [36;1mjq '.scripts = {[0m
build	UNKNOWN STEP	2025-07-02T10:23:45.6550844Z [36;1m  "lint": "echo Lint successful",[0m
build	UNKNOWN STEP	2025-07-02T10:23:45.6551095Z [36;1m  "test": "echo Tests passed"[0m
build	UNKNOWN STEP	2025-07-02T10:23:45.6551422Z [36;1m}' package.json > tmp.json && mv tmp.json package.json[0m
build	UNKNOWN STEP	2025-07-02T10:23:45.6610084Z shell: /usr/bin/bash -e {0}
build	UNKNOWN STEP	2025-07-02T10:23:45.6610307Z ##[endgroup]
build	UNKNOWN STEP	2025-07-02T10:23:45.6888164Z jq: error: Could not open file package.json: No such file or directory
build	UNKNOWN STEP	2025-07-02T10:23:45.6901065Z ##[error]Process completed with exit code 2.
build	UNKNOWN STEP	2025-07-02T10:23:45.7064570Z Post job cleanup.
build	UNKNOWN STEP	2025-07-02T10:23:45.7967863Z [command]/usr/bin/git version
build	UNKNOWN STEP	2025-07-02T10:23:45.8001783Z git version 2.49.0
build	UNKNOWN STEP	2025-07-02T10:23:45.8041994Z Temporarily overriding HOME='/home/runner/work/_temp/cf8faaf1-06cd-478e-b5c0-27026e923bbd' before making global git config changes
build	UNKNOWN STEP	2025-07-02T10:23:45.8042872Z Adding repository directory to the temporary git global config as a safe directory
build	UNKNOWN STEP	2025-07-02T10:23:45.8047259Z [command]/usr/bin/git config --global --add safe.directory /home/runner/work/github-model-test-basic/github-model-test-basic
build	UNKNOWN STEP	2025-07-02T10:23:45.8081378Z [command]/usr/bin/git config --local --name-only --get-regexp core\.sshCommand
build	UNKNOWN STEP	2025-07-02T10:23:45.8112840Z [command]/usr/bin/git submodule foreach --recursive sh -c "git config --local --name-only --get-regexp 'core\.sshCommand' && git config --local --unset-all 'core.sshCommand' || :"
build	UNKNOWN STEP	2025-07-02T10:23:45.8329911Z [command]/usr/bin/git config --local --name-only --get-regexp http\.https\:\/\/github\.com\/\.extraheader
build	UNKNOWN STEP	2025-07-02T10:23:45.8349730Z http.https://github.com/.extraheader
build	UNKNOWN STEP	2025-07-02T10:23:45.8363189Z [command]/usr/bin/git config --local --unset-all http.https://github.com/.extraheader
build	UNKNOWN STEP	2025-07-02T10:23:45.8393452Z [command]/usr/bin/git submodule foreach --recursive sh -c "git config --local --name-only --get-regexp 'http\.https\:\/\/github\.com\/\.extraheader' && git config --local --unset-all 'http.https://github.com/.extraheader' || :"
build	UNKNOWN STEP	2025-07-02T10:23:45.8718611Z Cleaning up orphan processes
