build	UNKNOWN STEP	ï»¿2025-07-02T11:39:37.7047281Z Current runner version: '2.325.0'
build	UNKNOWN STEP	2025-07-02T11:39:37.7082076Z ##[group]Runner Image Provisioner
build	UNKNOWN STEP	2025-07-02T11:39:37.7083415Z Hosted Compute Agent
build	UNKNOWN STEP	2025-07-02T11:39:37.7084247Z Version: 20250701.355
build	UNKNOWN STEP	2025-07-02T11:39:37.7085390Z Commit: 27f92e4f1798a901b7712d341e6f04a2ff90d227
build	UNKNOWN STEP	2025-07-02T11:39:37.7086504Z Build Date: 2025-07-01T18:23:27Z
build	UNKNOWN STEP	2025-07-02T11:39:37.7087518Z ##[endgroup]
build	UNKNOWN STEP	2025-07-02T11:39:37.7088804Z ##[group]Operating System
build	UNKNOWN STEP	2025-07-02T11:39:37.7089738Z Ubuntu
build	UNKNOWN STEP	2025-07-02T11:39:37.7090529Z 24.04.2
build	UNKNOWN STEP	2025-07-02T11:39:37.7091422Z LTS
build	UNKNOWN STEP	2025-07-02T11:39:37.7092252Z ##[endgroup]
build	UNKNOWN STEP	2025-07-02T11:39:37.7093012Z ##[group]Runner Image
build	UNKNOWN STEP	2025-07-02T11:39:37.7093934Z Image: ubuntu-24.04
build	UNKNOWN STEP	2025-07-02T11:39:37.7094758Z Version: 20250622.1.0
build	UNKNOWN STEP	2025-07-02T11:39:37.7096658Z Included Software: https://github.com/actions/runner-images/blob/ubuntu24/20250622.1/images/ubuntu/Ubuntu2404-Readme.md
build	UNKNOWN STEP	2025-07-02T11:39:37.7099606Z Image Release: https://github.com/actions/runner-images/releases/tag/ubuntu24%2F20250622.1
build	UNKNOWN STEP	2025-07-02T11:39:37.7101499Z ##[endgroup]
build	UNKNOWN STEP	2025-07-02T11:39:37.7106299Z ##[group]GITHUB_TOKEN Permissions
build	UNKNOWN STEP	2025-07-02T11:39:37.7109610Z Actions: write
build	UNKNOWN STEP	2025-07-02T11:39:37.7110478Z Attestations: write
build	UNKNOWN STEP	2025-07-02T11:39:37.7111367Z Checks: write
build	UNKNOWN STEP	2025-07-02T11:39:37.7112351Z Contents: write
build	UNKNOWN STEP	2025-07-02T11:39:37.7113277Z Deployments: write
build	UNKNOWN STEP	2025-07-02T11:39:37.7114281Z Discussions: write
build	UNKNOWN STEP	2025-07-02T11:39:37.7115241Z Issues: write
build	UNKNOWN STEP	2025-07-02T11:39:37.7116088Z Metadata: read
build	UNKNOWN STEP	2025-07-02T11:39:37.7116874Z Models: read
build	UNKNOWN STEP	2025-07-02T11:39:37.7117857Z Packages: write
build	UNKNOWN STEP	2025-07-02T11:39:37.7118917Z Pages: write
build	UNKNOWN STEP	2025-07-02T11:39:37.7119894Z PullRequests: write
build	UNKNOWN STEP	2025-07-02T11:39:37.7120894Z RepositoryProjects: write
build	UNKNOWN STEP	2025-07-02T11:39:37.7121850Z SecurityEvents: write
build	UNKNOWN STEP	2025-07-02T11:39:37.7122938Z Statuses: write
build	UNKNOWN STEP	2025-07-02T11:39:37.7123744Z ##[endgroup]
build	UNKNOWN STEP	2025-07-02T11:39:37.7126700Z Secret source: Actions
build	UNKNOWN STEP	2025-07-02T11:39:37.7127832Z Prepare workflow directory
build	UNKNOWN STEP	2025-07-02T11:39:37.7609200Z Prepare all required actions
build	UNKNOWN STEP	2025-07-02T11:39:37.7666973Z Getting action download info
build	UNKNOWN STEP	2025-07-02T11:39:37.9940769Z ##[group]Download immutable action package 'actions/checkout@v4'
build	UNKNOWN STEP	2025-07-02T11:39:37.9941879Z Version: 4.2.2
build	UNKNOWN STEP	2025-07-02T11:39:37.9942870Z Digest: sha256:ccb2698953eaebd21c7bf6268a94f9c26518a7e38e27e0b83c1fe1ad049819b1
build	UNKNOWN STEP	2025-07-02T11:39:37.9944127Z Source commit SHA: 11bd71901bbe5b1630ceea73d27597364c9af683
build	UNKNOWN STEP	2025-07-02T11:39:37.9944866Z ##[endgroup]
build	UNKNOWN STEP	2025-07-02T11:39:38.0784599Z ##[group]Download immutable action package 'actions/setup-node@v4'
build	UNKNOWN STEP	2025-07-02T11:39:38.0785585Z Version: 4.4.0
build	UNKNOWN STEP	2025-07-02T11:39:38.0786402Z Digest: sha256:9427cefe82346e992fb5b949e3569b39d537ae41aa3086483b14eceebfc16bc1
build	UNKNOWN STEP	2025-07-02T11:39:38.0787532Z Source commit SHA: 49933ea5288caeca8642d1e84afbd3f7d6820020
build	UNKNOWN STEP	2025-07-02T11:39:38.0788560Z ##[endgroup]
build	UNKNOWN STEP	2025-07-02T11:39:38.3180245Z Complete job name: build
build	UNKNOWN STEP	2025-07-02T11:39:38.3892839Z ##[group]Run actions/checkout@v4
build	UNKNOWN STEP	2025-07-02T11:39:38.3893693Z with:
build	UNKNOWN STEP	2025-07-02T11:39:38.3894163Z   repository: yashmahi88/github-model-test-basic
build	UNKNOWN STEP	2025-07-02T11:39:38.3894965Z   token: ***
build	UNKNOWN STEP	2025-07-02T11:39:38.3895374Z   ssh-strict: true
build	UNKNOWN STEP	2025-07-02T11:39:38.3895784Z   ssh-user: git
build	UNKNOWN STEP	2025-07-02T11:39:38.3896218Z   persist-credentials: true
build	UNKNOWN STEP	2025-07-02T11:39:38.3896695Z   clean: true
build	UNKNOWN STEP	2025-07-02T11:39:38.3897128Z   sparse-checkout-cone-mode: true
build	UNKNOWN STEP	2025-07-02T11:39:38.3897646Z   fetch-depth: 1
build	UNKNOWN STEP	2025-07-02T11:39:38.3898065Z   fetch-tags: false
build	UNKNOWN STEP	2025-07-02T11:39:38.3898659Z   show-progress: true
build	UNKNOWN STEP	2025-07-02T11:39:38.3899097Z   lfs: false
build	UNKNOWN STEP	2025-07-02T11:39:38.3899487Z   submodules: false
build	UNKNOWN STEP	2025-07-02T11:39:38.3899924Z   set-safe-directory: true
build	UNKNOWN STEP	2025-07-02T11:39:38.3900634Z ##[endgroup]
build	UNKNOWN STEP	2025-07-02T11:39:38.5007408Z Syncing repository: yashmahi88/github-model-test-basic
build	UNKNOWN STEP	2025-07-02T11:39:38.5010631Z ##[group]Getting Git version info
build	UNKNOWN STEP	2025-07-02T11:39:38.5011833Z Working directory is '/home/runner/work/github-model-test-basic/github-model-test-basic'
build	UNKNOWN STEP	2025-07-02T11:39:38.5013044Z [command]/usr/bin/git version
build	UNKNOWN STEP	2025-07-02T11:39:38.5026126Z git version 2.49.0
build	UNKNOWN STEP	2025-07-02T11:39:38.5053581Z ##[endgroup]
build	UNKNOWN STEP	2025-07-02T11:39:38.5067412Z Temporarily overriding HOME='/home/runner/work/_temp/27857e52-03f1-4e56-a64d-5ce8cec47081' before making global git config changes
build	UNKNOWN STEP	2025-07-02T11:39:38.5069625Z Adding repository directory to the temporary git global config as a safe directory
build	UNKNOWN STEP	2025-07-02T11:39:38.5073343Z [command]/usr/bin/git config --global --add safe.directory /home/runner/work/github-model-test-basic/github-model-test-basic
build	UNKNOWN STEP	2025-07-02T11:39:38.5112041Z Deleting the contents of '/home/runner/work/github-model-test-basic/github-model-test-basic'
build	UNKNOWN STEP	2025-07-02T11:39:38.5115365Z ##[group]Initializing the repository
build	UNKNOWN STEP	2025-07-02T11:39:38.5120004Z [command]/usr/bin/git init /home/runner/work/github-model-test-basic/github-model-test-basic
build	UNKNOWN STEP	2025-07-02T11:39:38.5185040Z hint: Using 'master' as the name for the initial branch. This default branch name
build	UNKNOWN STEP	2025-07-02T11:39:38.5186635Z hint: is subject to change. To configure the initial branch name to use in all
build	UNKNOWN STEP	2025-07-02T11:39:38.5188627Z hint: of your new repositories, which will suppress this warning, call:
build	UNKNOWN STEP	2025-07-02T11:39:38.5189930Z hint:
build	UNKNOWN STEP	2025-07-02T11:39:38.5191002Z hint: 	git config --global init.defaultBranch <name>
build	UNKNOWN STEP	2025-07-02T11:39:38.5192433Z hint:
build	UNKNOWN STEP	2025-07-02T11:39:38.5193757Z hint: Names commonly chosen instead of 'master' are 'main', 'trunk' and
build	UNKNOWN STEP	2025-07-02T11:39:38.5195893Z hint: 'development'. The just-created branch can be renamed via this command:
build	UNKNOWN STEP	2025-07-02T11:39:38.5197824Z hint:
build	UNKNOWN STEP	2025-07-02T11:39:38.5199020Z hint: 	git branch -m <name>
build	UNKNOWN STEP	2025-07-02T11:39:38.5200904Z Initialized empty Git repository in /home/runner/work/github-model-test-basic/github-model-test-basic/.git/
build	UNKNOWN STEP	2025-07-02T11:39:38.5204331Z [command]/usr/bin/git remote add origin https://github.com/yashmahi88/github-model-test-basic
build	UNKNOWN STEP	2025-07-02T11:39:38.5235820Z ##[endgroup]
build	UNKNOWN STEP	2025-07-02T11:39:38.5237013Z ##[group]Disabling automatic garbage collection
build	UNKNOWN STEP	2025-07-02T11:39:38.5240954Z [command]/usr/bin/git config --local gc.auto 0
build	UNKNOWN STEP	2025-07-02T11:39:38.5270465Z ##[endgroup]
build	UNKNOWN STEP	2025-07-02T11:39:38.5271655Z ##[group]Setting up auth
build	UNKNOWN STEP	2025-07-02T11:39:38.5278075Z [command]/usr/bin/git config --local --name-only --get-regexp core\.sshCommand
build	UNKNOWN STEP	2025-07-02T11:39:38.5309568Z [command]/usr/bin/git submodule foreach --recursive sh -c "git config --local --name-only --get-regexp 'core\.sshCommand' && git config --local --unset-all 'core.sshCommand' || :"
build	UNKNOWN STEP	2025-07-02T11:39:38.5563208Z [command]/usr/bin/git config --local --name-only --get-regexp http\.https\:\/\/github\.com\/\.extraheader
build	UNKNOWN STEP	2025-07-02T11:39:38.5601986Z [command]/usr/bin/git submodule foreach --recursive sh -c "git config --local --name-only --get-regexp 'http\.https\:\/\/github\.com\/\.extraheader' && git config --local --unset-all 'http.https://github.com/.extraheader' || :"
build	UNKNOWN STEP	2025-07-02T11:39:38.5837112Z [command]/usr/bin/git config --local http.https://github.com/.extraheader AUTHORIZATION: basic ***
build	UNKNOWN STEP	2025-07-02T11:39:38.5873151Z ##[endgroup]
build	UNKNOWN STEP	2025-07-02T11:39:38.5874062Z ##[group]Fetching the repository
build	UNKNOWN STEP	2025-07-02T11:39:38.5882788Z [command]/usr/bin/git -c protocol.version=2 fetch --no-tags --prune --no-recurse-submodules --depth=1 origin +8e686950f134498d294b9c521321c1f4350e9310:refs/remotes/origin/master
build	UNKNOWN STEP	2025-07-02T11:39:38.9480211Z From https://github.com/yashmahi88/github-model-test-basic
build	UNKNOWN STEP	2025-07-02T11:39:38.9481923Z  * [new ref]         8e686950f134498d294b9c521321c1f4350e9310 -> origin/master
build	UNKNOWN STEP	2025-07-02T11:39:38.9509822Z ##[endgroup]
build	UNKNOWN STEP	2025-07-02T11:39:38.9510932Z ##[group]Determining the checkout info
build	UNKNOWN STEP	2025-07-02T11:39:38.9512314Z ##[endgroup]
build	UNKNOWN STEP	2025-07-02T11:39:38.9517130Z [command]/usr/bin/git sparse-checkout disable
build	UNKNOWN STEP	2025-07-02T11:39:38.9557460Z [command]/usr/bin/git config --local --unset-all extensions.worktreeConfig
build	UNKNOWN STEP	2025-07-02T11:39:38.9585585Z ##[group]Checking out the ref
build	UNKNOWN STEP	2025-07-02T11:39:38.9589096Z [command]/usr/bin/git checkout --progress --force -B master refs/remotes/origin/master
build	UNKNOWN STEP	2025-07-02T11:39:38.9692219Z Reset branch 'master'
build	UNKNOWN STEP	2025-07-02T11:39:38.9695339Z branch 'master' set up to track 'origin/master'.
build	UNKNOWN STEP	2025-07-02T11:39:38.9701321Z ##[endgroup]
build	UNKNOWN STEP	2025-07-02T11:39:38.9736791Z [command]/usr/bin/git log -1 --format=%H
build	UNKNOWN STEP	2025-07-02T11:39:38.9760429Z 8e686950f134498d294b9c521321c1f4350e9310
build	UNKNOWN STEP	2025-07-02T11:39:39.0007817Z ##[group]Run actions/setup-node@v4
build	UNKNOWN STEP	2025-07-02T11:39:39.0008632Z with:
build	UNKNOWN STEP	2025-07-02T11:39:39.0008995Z   node-version: 18
build	UNKNOWN STEP	2025-07-02T11:39:39.0009382Z   always-auth: false
build	UNKNOWN STEP	2025-07-02T11:39:39.0009790Z   check-latest: false
build	UNKNOWN STEP	2025-07-02T11:39:39.0010343Z   token: ***
build	UNKNOWN STEP	2025-07-02T11:39:39.0010701Z ##[endgroup]
build	UNKNOWN STEP	2025-07-02T11:39:39.1815871Z Found in cache @ /opt/hostedtoolcache/node/18.20.8/x64
build	UNKNOWN STEP	2025-07-02T11:39:39.1823205Z ##[group]Environment details
build	UNKNOWN STEP	2025-07-02T11:39:41.0160174Z node: v18.20.8
build	UNKNOWN STEP	2025-07-02T11:39:41.0160693Z npm: 10.8.2
build	UNKNOWN STEP	2025-07-02T11:39:41.0160987Z yarn: 1.22.22
build	UNKNOWN STEP	2025-07-02T11:39:41.0161950Z ##[endgroup]
build	UNKNOWN STEP	2025-07-02T11:39:41.0275433Z ##[group]Run npm init -y
build	UNKNOWN STEP	2025-07-02T11:39:41.0275871Z [36;1mnpm init -y[0m
build	UNKNOWN STEP	2025-07-02T11:39:41.0368739Z shell: /usr/bin/bash -e {0}
build	UNKNOWN STEP	2025-07-02T11:39:41.0369137Z ##[endgroup]
build	UNKNOWN STEP	2025-07-02T11:39:42.9932158Z Wrote to /home/runner/work/github-model-test-basic/github-model-test-basic/package.json:
build	UNKNOWN STEP	2025-07-02T11:39:42.9933023Z 
build	UNKNOWN STEP	2025-07-02T11:39:42.9933248Z {
build	UNKNOWN STEP	2025-07-02T11:39:42.9933726Z   "name": "github-model-test-basic",
build	UNKNOWN STEP	2025-07-02T11:39:42.9934222Z   "version": "1.0.0",
build	UNKNOWN STEP	2025-07-02T11:39:42.9934611Z   "main": "index.js",
build	UNKNOWN STEP	2025-07-02T11:39:42.9934986Z   "scripts": {
build	UNKNOWN STEP	2025-07-02T11:39:42.9935506Z     "test": "echo \"Error: no test specified\" && exit 1"
build	UNKNOWN STEP	2025-07-02T11:39:42.9936124Z   },
build	UNKNOWN STEP	2025-07-02T11:39:42.9936482Z   "keywords": [],
build	UNKNOWN STEP	2025-07-02T11:39:42.9936843Z   "author": "",
build	UNKNOWN STEP	2025-07-02T11:39:42.9937214Z   "license": "ISC",
build	UNKNOWN STEP	2025-07-02T11:39:42.9937602Z   "description": ""
build	UNKNOWN STEP	2025-07-02T11:39:42.9937976Z }
build	UNKNOWN STEP	2025-07-02T11:39:42.9938154Z 
build	UNKNOWN STEP	2025-07-02T11:39:42.9938185Z 
build	UNKNOWN STEP	2025-07-02T11:39:42.9945258Z 
build	UNKNOWN STEP	2025-07-02T11:39:43.0065791Z ##[group]Run sudo apt-get update && sudo apt-get install -y jq
build	UNKNOWN STEP	2025-07-02T11:39:43.0066466Z [36;1msudo apt-get update && sudo apt-get install -y jq[0m
build	UNKNOWN STEP	2025-07-02T11:39:43.0129621Z shell: /usr/bin/bash -e {0}
build	UNKNOWN STEP	2025-07-02T11:39:43.0130039Z ##[endgroup]
build	UNKNOWN STEP	2025-07-02T11:39:43.1449032Z Get:1 file:/etc/apt/apt-mirrors.txt Mirrorlist [144 B]
build	UNKNOWN STEP	2025-07-02T11:39:43.1625179Z Get:6 https://packages.microsoft.com/repos/azure-cli noble InRelease [3564 B]
build	UNKNOWN STEP	2025-07-02T11:39:43.1800232Z Hit:2 http://azure.archive.ubuntu.com/ubuntu noble InRelease
build	UNKNOWN STEP	2025-07-02T11:39:43.1802754Z Get:7 https://packages.microsoft.com/ubuntu/24.04/prod noble InRelease [3600 B]
build	UNKNOWN STEP	2025-07-02T11:39:43.1821609Z Get:3 http://azure.archive.ubuntu.com/ubuntu noble-updates InRelease [126 kB]
build	UNKNOWN STEP	2025-07-02T11:39:43.1850619Z Get:4 http://azure.archive.ubuntu.com/ubuntu noble-backports InRelease [126 kB]
build	UNKNOWN STEP	2025-07-02T11:39:43.1873137Z Get:5 http://azure.archive.ubuntu.com/ubuntu noble-security InRelease [126 kB]
build	UNKNOWN STEP	2025-07-02T11:39:43.2781574Z Get:8 https://packages.microsoft.com/repos/azure-cli noble/main amd64 Packages [1437 B]
build	UNKNOWN STEP	2025-07-02T11:39:43.4016068Z Get:9 https://packages.microsoft.com/ubuntu/24.04/prod noble/main arm64 Packages [24.8 kB]
build	UNKNOWN STEP	2025-07-02T11:39:43.4063665Z Get:10 https://packages.microsoft.com/ubuntu/24.04/prod noble/main amd64 Packages [37.6 kB]
build	UNKNOWN STEP	2025-07-02T11:39:43.4096021Z Get:11 https://packages.microsoft.com/ubuntu/24.04/prod noble/main armhf Packages [9049 B]
build	UNKNOWN STEP	2025-07-02T11:39:43.4418100Z Get:12 http://azure.archive.ubuntu.com/ubuntu noble-updates/main amd64 Packages [1207 kB]
build	UNKNOWN STEP	2025-07-02T11:39:43.4512194Z Get:13 http://azure.archive.ubuntu.com/ubuntu noble-updates/main Translation-en [250 kB]
build	UNKNOWN STEP	2025-07-02T11:39:43.4539295Z Get:14 http://azure.archive.ubuntu.com/ubuntu noble-updates/main amd64 Components [161 kB]
build	UNKNOWN STEP	2025-07-02T11:39:43.4566409Z Get:15 http://azure.archive.ubuntu.com/ubuntu noble-updates/universe amd64 Packages [1098 kB]
build	UNKNOWN STEP	2025-07-02T11:39:43.4668077Z Get:16 http://azure.archive.ubuntu.com/ubuntu noble-updates/universe Translation-en [279 kB]
build	UNKNOWN STEP	2025-07-02T11:39:43.4699710Z Get:17 http://azure.archive.ubuntu.com/ubuntu noble-updates/universe amd64 Components [376 kB]
build	UNKNOWN STEP	2025-07-02T11:39:43.4761606Z Get:18 http://azure.archive.ubuntu.com/ubuntu noble-updates/restricted amd64 Packages [1367 kB]
build	UNKNOWN STEP	2025-07-02T11:39:43.4840320Z Get:19 http://azure.archive.ubuntu.com/ubuntu noble-updates/restricted Translation-en [294 kB]
build	UNKNOWN STEP	2025-07-02T11:39:43.4873259Z Get:20 http://azure.archive.ubuntu.com/ubuntu noble-updates/restricted amd64 Components [212 B]
build	UNKNOWN STEP	2025-07-02T11:39:43.4894601Z Get:21 http://azure.archive.ubuntu.com/ubuntu noble-updates/multiverse amd64 Packages [22.1 kB]
build	UNKNOWN STEP	2025-07-02T11:39:43.5324643Z Get:22 http://azure.archive.ubuntu.com/ubuntu noble-updates/multiverse Translation-en [4972 B]
build	UNKNOWN STEP	2025-07-02T11:39:43.5334777Z Get:23 http://azure.archive.ubuntu.com/ubuntu noble-updates/multiverse amd64 Components [940 B]
build	UNKNOWN STEP	2025-07-02T11:39:43.5346530Z Get:24 http://azure.archive.ubuntu.com/ubuntu noble-backports/main amd64 Components [7068 B]
build	UNKNOWN STEP	2025-07-02T11:39:43.5356740Z Get:25 http://azure.archive.ubuntu.com/ubuntu noble-backports/universe amd64 Components [16.4 kB]
build	UNKNOWN STEP	2025-07-02T11:39:43.5364315Z Get:26 http://azure.archive.ubuntu.com/ubuntu noble-backports/restricted amd64 Components [212 B]
build	UNKNOWN STEP	2025-07-02T11:39:43.5372771Z Get:27 http://azure.archive.ubuntu.com/ubuntu noble-backports/multiverse amd64 Components [212 B]
build	UNKNOWN STEP	2025-07-02T11:39:43.5664725Z Get:28 http://azure.archive.ubuntu.com/ubuntu noble-security/main amd64 Packages [958 kB]
build	UNKNOWN STEP	2025-07-02T11:39:43.5723627Z Get:29 http://azure.archive.ubuntu.com/ubuntu noble-security/main Translation-en [172 kB]
build	UNKNOWN STEP	2025-07-02T11:39:43.5745162Z Get:30 http://azure.archive.ubuntu.com/ubuntu noble-security/main amd64 Components [21.6 kB]
build	UNKNOWN STEP	2025-07-02T11:39:43.5754284Z Get:31 http://azure.archive.ubuntu.com/ubuntu noble-security/universe amd64 Packages [865 kB]
build	UNKNOWN STEP	2025-07-02T11:39:43.5810718Z Get:32 http://azure.archive.ubuntu.com/ubuntu noble-security/universe Translation-en [189 kB]
build	UNKNOWN STEP	2025-07-02T11:39:43.5839680Z Get:33 http://azure.archive.ubuntu.com/ubuntu noble-security/universe amd64 Components [52.2 kB]
build	UNKNOWN STEP	2025-07-02T11:39:43.5846307Z Get:34 http://azure.archive.ubuntu.com/ubuntu noble-security/restricted amd64 Packages [1322 kB]
build	UNKNOWN STEP	2025-07-02T11:39:43.5922376Z Get:35 http://azure.archive.ubuntu.com/ubuntu noble-security/restricted Translation-en [285 kB]
build	UNKNOWN STEP	2025-07-02T11:39:43.6366822Z Get:36 http://azure.archive.ubuntu.com/ubuntu noble-security/restricted amd64 Components [212 B]
build	UNKNOWN STEP	2025-07-02T11:39:43.6375043Z Get:37 http://azure.archive.ubuntu.com/ubuntu noble-security/multiverse amd64 Components [212 B]
build	UNKNOWN STEP	2025-07-02T11:39:50.4929792Z Fetched 9407 kB in 1s (7285 kB/s)
build	UNKNOWN STEP	2025-07-02T11:39:51.2134186Z Reading package lists...
build	UNKNOWN STEP	2025-07-02T11:39:51.2461726Z Reading package lists...
build	UNKNOWN STEP	2025-07-02T11:39:51.4175787Z Building dependency tree...
build	UNKNOWN STEP	2025-07-02T11:39:51.4183709Z Reading state information...
build	UNKNOWN STEP	2025-07-02T11:39:51.6227919Z jq is already the newest version (1.7.1-3build1).
build	UNKNOWN STEP	2025-07-02T11:39:51.6229135Z 0 upgraded, 0 newly installed, 0 to remove and 45 not upgraded.
build	UNKNOWN STEP	2025-07-02T11:39:51.6350386Z ##[group]Run jq '.scripts = {
build	UNKNOWN STEP	2025-07-02T11:39:51.6350779Z [36;1mjq '.scripts = {[0m
build	UNKNOWN STEP	2025-07-02T11:39:51.6351136Z [36;1m  "lint": "echo Lint successful",[0m
build	UNKNOWN STEP	2025-07-02T11:39:51.6351517Z [36;1m  "test": "echo Tests passed"[0m
build	UNKNOWN STEP	2025-07-02T11:39:51.6351962Z [36;1m}' package.json > tmp.json && mv tmp.json package.json[0m
build	UNKNOWN STEP	2025-07-02T11:39:51.6412232Z shell: /usr/bin/bash -e {0}
build	UNKNOWN STEP	2025-07-02T11:39:51.6412590Z ##[endgroup]
build	UNKNOWN STEP	2025-07-02T11:39:51.6643978Z ##[group]Run npm install
build	UNKNOWN STEP	2025-07-02T11:39:51.6644390Z [36;1mnpm install[0m
build	UNKNOWN STEP	2025-07-02T11:39:51.6706114Z shell: /usr/bin/bash -e {0}
build	UNKNOWN STEP	2025-07-02T11:39:51.6706523Z ##[endgroup]
build	UNKNOWN STEP	2025-07-02T11:39:52.0600446Z 
build	UNKNOWN STEP	2025-07-02T11:39:52.0601030Z up to date, audited 1 package in 311ms
build	UNKNOWN STEP	2025-07-02T11:39:52.0611203Z 
build	UNKNOWN STEP	2025-07-02T11:39:52.0611526Z found 0 vulnerabilities
build	UNKNOWN STEP	2025-07-02T11:39:52.0717387Z ##[group]Run npm run lint
build	UNKNOWN STEP	2025-07-02T11:39:52.0717701Z [36;1mnpm run lint[0m
build	UNKNOWN STEP	2025-07-02T11:39:52.0775366Z shell: /usr/bin/bash -e {0}
build	UNKNOWN STEP	2025-07-02T11:39:52.0775720Z ##[endgroup]
build	UNKNOWN STEP	2025-07-02T11:39:52.2108853Z 
build	UNKNOWN STEP	2025-07-02T11:39:52.2109380Z > github-model-test-basic@1.0.0 lint
build	UNKNOWN STEP	2025-07-02T11:39:52.2109941Z > echo Lint successful
build	UNKNOWN STEP	2025-07-02T11:39:52.2110211Z 
build	UNKNOWN STEP	2025-07-02T11:39:52.2210018Z Lint successful
build	UNKNOWN STEP	2025-07-02T11:39:52.2324164Z ##[group]Run npm test
build	UNKNOWN STEP	2025-07-02T11:39:52.2324603Z [36;1mnpm test[0m
build	UNKNOWN STEP	2025-07-02T11:39:52.2384927Z shell: /usr/bin/bash -e {0}
build	UNKNOWN STEP	2025-07-02T11:39:52.2385235Z ##[endgroup]
build	UNKNOWN STEP	2025-07-02T11:39:52.3752173Z 
build	UNKNOWN STEP	2025-07-02T11:39:52.3752860Z > github-model-test-basic@1.0.0 test
build	UNKNOWN STEP	2025-07-02T11:39:52.3753568Z > echo Tests passed
build	UNKNOWN STEP	2025-07-02T11:39:52.3753843Z 
build	UNKNOWN STEP	2025-07-02T11:39:52.3795076Z Tests passed
build	UNKNOWN STEP	2025-07-02T11:39:52.3926294Z Post job cleanup.
build	UNKNOWN STEP	2025-07-02T11:39:52.5609190Z Post job cleanup.
build	UNKNOWN STEP	2025-07-02T11:39:52.6550958Z [command]/usr/bin/git version
build	UNKNOWN STEP	2025-07-02T11:39:52.6587988Z git version 2.49.0
build	UNKNOWN STEP	2025-07-02T11:39:52.6632849Z Temporarily overriding HOME='/home/runner/work/_temp/566930f0-9bfd-47b2-9479-970295c92341' before making global git config changes
build	UNKNOWN STEP	2025-07-02T11:39:52.6634347Z Adding repository directory to the temporary git global config as a safe directory
build	UNKNOWN STEP	2025-07-02T11:39:52.6638627Z [command]/usr/bin/git config --global --add safe.directory /home/runner/work/github-model-test-basic/github-model-test-basic
build	UNKNOWN STEP	2025-07-02T11:39:52.6676577Z [command]/usr/bin/git config --local --name-only --get-regexp core\.sshCommand
build	UNKNOWN STEP	2025-07-02T11:39:52.6708748Z [command]/usr/bin/git submodule foreach --recursive sh -c "git config --local --name-only --get-regexp 'core\.sshCommand' && git config --local --unset-all 'core.sshCommand' || :"
build	UNKNOWN STEP	2025-07-02T11:39:52.6943143Z [command]/usr/bin/git config --local --name-only --get-regexp http\.https\:\/\/github\.com\/\.extraheader
build	UNKNOWN STEP	2025-07-02T11:39:52.6967624Z http.https://github.com/.extraheader
build	UNKNOWN STEP	2025-07-02T11:39:52.6981094Z [command]/usr/bin/git config --local --unset-all http.https://github.com/.extraheader
build	UNKNOWN STEP	2025-07-02T11:39:52.7012580Z [command]/usr/bin/git submodule foreach --recursive sh -c "git config --local --name-only --get-regexp 'http\.https\:\/\/github\.com\/\.extraheader' && git config --local --unset-all 'http.https://github.com/.extraheader' || :"
build	UNKNOWN STEP	2025-07-02T11:39:52.7352421Z Cleaning up orphan processes
