build	UNKNOWN STEP	ï»¿2025-07-24T13:10:18.7293911Z Current runner version: '2.326.0'
build	UNKNOWN STEP	2025-07-24T13:10:18.7318913Z ##[group]Runner Image Provisioner
build	UNKNOWN STEP	2025-07-24T13:10:18.7319806Z Hosted Compute Agent
build	UNKNOWN STEP	2025-07-24T13:10:18.7320476Z Version: 20250711.363
build	UNKNOWN STEP	2025-07-24T13:10:18.7321050Z Commit: 6785254374ce925a23743850c1cb91912ce5c14c
build	UNKNOWN STEP	2025-07-24T13:10:18.7321741Z Build Date: 2025-07-11T20:04:25Z
build	UNKNOWN STEP	2025-07-24T13:10:18.7322484Z ##[endgroup]
build	UNKNOWN STEP	2025-07-24T13:10:18.7323099Z ##[group]Operating System
build	UNKNOWN STEP	2025-07-24T13:10:18.7323639Z Ubuntu
build	UNKNOWN STEP	2025-07-24T13:10:18.7324185Z 24.04.2
build	UNKNOWN STEP	2025-07-24T13:10:18.7324681Z LTS
build	UNKNOWN STEP	2025-07-24T13:10:18.7325140Z ##[endgroup]
build	UNKNOWN STEP	2025-07-24T13:10:18.7325715Z ##[group]Runner Image
build	UNKNOWN STEP	2025-07-24T13:10:18.7326306Z Image: ubuntu-24.04
build	UNKNOWN STEP	2025-07-24T13:10:18.7326830Z Version: 20250720.1.0
build	UNKNOWN STEP	2025-07-24T13:10:18.7327881Z Included Software: https://github.com/actions/runner-images/blob/ubuntu24/20250720.1/images/ubuntu/Ubuntu2404-Readme.md
build	UNKNOWN STEP	2025-07-24T13:10:18.7330347Z Image Release: https://github.com/actions/runner-images/releases/tag/ubuntu24%2F20250720.1
build	UNKNOWN STEP	2025-07-24T13:10:18.7331470Z ##[endgroup]
build	UNKNOWN STEP	2025-07-24T13:10:18.7334101Z ##[group]GITHUB_TOKEN Permissions
build	UNKNOWN STEP	2025-07-24T13:10:18.7336500Z Actions: write
build	UNKNOWN STEP	2025-07-24T13:10:18.7337123Z Attestations: write
build	UNKNOWN STEP	2025-07-24T13:10:18.7337650Z Checks: write
build	UNKNOWN STEP	2025-07-24T13:10:18.7338226Z Contents: write
build	UNKNOWN STEP	2025-07-24T13:10:18.7338734Z Deployments: write
build	UNKNOWN STEP	2025-07-24T13:10:18.7339285Z Discussions: write
build	UNKNOWN STEP	2025-07-24T13:10:18.7339788Z Issues: write
build	UNKNOWN STEP	2025-07-24T13:10:18.7340375Z Metadata: read
build	UNKNOWN STEP	2025-07-24T13:10:18.7340842Z Models: read
build	UNKNOWN STEP	2025-07-24T13:10:18.7341333Z Packages: write
build	UNKNOWN STEP	2025-07-24T13:10:18.7341915Z Pages: write
build	UNKNOWN STEP	2025-07-24T13:10:18.7342658Z PullRequests: write
build	UNKNOWN STEP	2025-07-24T13:10:18.7343233Z RepositoryProjects: write
build	UNKNOWN STEP	2025-07-24T13:10:18.7343877Z SecurityEvents: write
build	UNKNOWN STEP	2025-07-24T13:10:18.7344573Z Statuses: write
build	UNKNOWN STEP	2025-07-24T13:10:18.7345052Z ##[endgroup]
build	UNKNOWN STEP	2025-07-24T13:10:18.7347743Z Secret source: Actions
build	UNKNOWN STEP	2025-07-24T13:10:18.7348480Z Prepare workflow directory
build	UNKNOWN STEP	2025-07-24T13:10:18.7681208Z Prepare all required actions
build	UNKNOWN STEP	2025-07-24T13:10:18.7720384Z Getting action download info
build	UNKNOWN STEP	2025-07-24T13:10:19.0785287Z ##[group]Download immutable action package 'actions/checkout@v4'
build	UNKNOWN STEP	2025-07-24T13:10:19.0786324Z Version: 4.2.2
build	UNKNOWN STEP	2025-07-24T13:10:19.0787513Z Digest: sha256:ccb2698953eaebd21c7bf6268a94f9c26518a7e38e27e0b83c1fe1ad049819b1
build	UNKNOWN STEP	2025-07-24T13:10:19.0788869Z Source commit SHA: 11bd71901bbe5b1630ceea73d27597364c9af683
build	UNKNOWN STEP	2025-07-24T13:10:19.0789644Z ##[endgroup]
build	UNKNOWN STEP	2025-07-24T13:10:19.1731813Z ##[group]Download immutable action package 'actions/setup-node@v4'
build	UNKNOWN STEP	2025-07-24T13:10:19.1733011Z Version: 4.4.0
build	UNKNOWN STEP	2025-07-24T13:10:19.1733974Z Digest: sha256:9427cefe82346e992fb5b949e3569b39d537ae41aa3086483b14eceebfc16bc1
build	UNKNOWN STEP	2025-07-24T13:10:19.1734998Z Source commit SHA: 49933ea5288caeca8642d1e84afbd3f7d6820020
build	UNKNOWN STEP	2025-07-24T13:10:19.1735768Z ##[endgroup]
build	UNKNOWN STEP	2025-07-24T13:10:19.4040740Z Complete job name: build
build	UNKNOWN STEP	2025-07-24T13:10:19.4789277Z ##[group]Run actions/checkout@v4
build	UNKNOWN STEP	2025-07-24T13:10:19.4790168Z with:
build	UNKNOWN STEP	2025-07-24T13:10:19.4790705Z   repository: yashmahi88/github-model-test-basic
build	UNKNOWN STEP	2025-07-24T13:10:19.4791607Z   token: ***
build	UNKNOWN STEP	2025-07-24T13:10:19.4792040Z   ssh-strict: true
build	UNKNOWN STEP	2025-07-24T13:10:19.4792717Z   ssh-user: git
build	UNKNOWN STEP	2025-07-24T13:10:19.4793161Z   persist-credentials: true
build	UNKNOWN STEP	2025-07-24T13:10:19.4793655Z   clean: true
build	UNKNOWN STEP	2025-07-24T13:10:19.4794084Z   sparse-checkout-cone-mode: true
build	UNKNOWN STEP	2025-07-24T13:10:19.4794600Z   fetch-depth: 1
build	UNKNOWN STEP	2025-07-24T13:10:19.4795017Z   fetch-tags: false
build	UNKNOWN STEP	2025-07-24T13:10:19.4795442Z   show-progress: true
build	UNKNOWN STEP	2025-07-24T13:10:19.4795877Z   lfs: false
build	UNKNOWN STEP	2025-07-24T13:10:19.4796273Z   submodules: false
build	UNKNOWN STEP	2025-07-24T13:10:19.4796709Z   set-safe-directory: true
build	UNKNOWN STEP	2025-07-24T13:10:19.4797478Z ##[endgroup]
build	UNKNOWN STEP	2025-07-24T13:10:19.5905184Z Syncing repository: yashmahi88/github-model-test-basic
build	UNKNOWN STEP	2025-07-24T13:10:19.5907387Z ##[group]Getting Git version info
build	UNKNOWN STEP	2025-07-24T13:10:19.5908412Z Working directory is '/home/runner/work/github-model-test-basic/github-model-test-basic'
build	UNKNOWN STEP	2025-07-24T13:10:19.5909676Z [command]/usr/bin/git version
build	UNKNOWN STEP	2025-07-24T13:10:19.5964262Z git version 2.50.1
build	UNKNOWN STEP	2025-07-24T13:10:19.5990891Z ##[endgroup]
build	UNKNOWN STEP	2025-07-24T13:10:19.6006678Z Temporarily overriding HOME='/home/runner/work/_temp/c19bf2da-3710-43f8-a8dd-8444528ce517' before making global git config changes
build	UNKNOWN STEP	2025-07-24T13:10:19.6008241Z Adding repository directory to the temporary git global config as a safe directory
build	UNKNOWN STEP	2025-07-24T13:10:19.6020905Z [command]/usr/bin/git config --global --add safe.directory /home/runner/work/github-model-test-basic/github-model-test-basic
build	UNKNOWN STEP	2025-07-24T13:10:19.6059606Z Deleting the contents of '/home/runner/work/github-model-test-basic/github-model-test-basic'
build	UNKNOWN STEP	2025-07-24T13:10:19.6063248Z ##[group]Initializing the repository
build	UNKNOWN STEP	2025-07-24T13:10:19.6067905Z [command]/usr/bin/git init /home/runner/work/github-model-test-basic/github-model-test-basic
build	UNKNOWN STEP	2025-07-24T13:10:19.6136664Z hint: Using 'master' as the name for the initial branch. This default branch name
build	UNKNOWN STEP	2025-07-24T13:10:19.6138680Z hint: is subject to change. To configure the initial branch name to use in all
build	UNKNOWN STEP	2025-07-24T13:10:19.6140641Z hint: of your new repositories, which will suppress this warning, call:
build	UNKNOWN STEP	2025-07-24T13:10:19.6142069Z hint:
build	UNKNOWN STEP	2025-07-24T13:10:19.6143049Z hint: 	git config --global init.defaultBranch <name>
build	UNKNOWN STEP	2025-07-24T13:10:19.6143723Z hint:
build	UNKNOWN STEP	2025-07-24T13:10:19.6144370Z hint: Names commonly chosen instead of 'master' are 'main', 'trunk' and
build	UNKNOWN STEP	2025-07-24T13:10:19.6145402Z hint: 'development'. The just-created branch can be renamed via this command:
build	UNKNOWN STEP	2025-07-24T13:10:19.6146229Z hint:
build	UNKNOWN STEP	2025-07-24T13:10:19.6146927Z hint: 	git branch -m <name>
build	UNKNOWN STEP	2025-07-24T13:10:19.6147696Z hint:
build	UNKNOWN STEP	2025-07-24T13:10:19.6148389Z hint: Disable this message with "git config set advice.defaultBranchName false"
build	UNKNOWN STEP	2025-07-24T13:10:19.6149729Z Initialized empty Git repository in /home/runner/work/github-model-test-basic/github-model-test-basic/.git/
build	UNKNOWN STEP	2025-07-24T13:10:19.6153522Z [command]/usr/bin/git remote add origin https://github.com/yashmahi88/github-model-test-basic
build	UNKNOWN STEP	2025-07-24T13:10:19.6186742Z ##[endgroup]
build	UNKNOWN STEP	2025-07-24T13:10:19.6187587Z ##[group]Disabling automatic garbage collection
build	UNKNOWN STEP	2025-07-24T13:10:19.6190828Z [command]/usr/bin/git config --local gc.auto 0
build	UNKNOWN STEP	2025-07-24T13:10:19.6222872Z ##[endgroup]
build	UNKNOWN STEP	2025-07-24T13:10:19.6223761Z ##[group]Setting up auth
build	UNKNOWN STEP	2025-07-24T13:10:19.6230172Z [command]/usr/bin/git config --local --name-only --get-regexp core\.sshCommand
build	UNKNOWN STEP	2025-07-24T13:10:19.6263673Z [command]/usr/bin/git submodule foreach --recursive sh -c "git config --local --name-only --get-regexp 'core\.sshCommand' && git config --local --unset-all 'core.sshCommand' || :"
build	UNKNOWN STEP	2025-07-24T13:10:19.6557574Z [command]/usr/bin/git config --local --name-only --get-regexp http\.https\:\/\/github\.com\/\.extraheader
build	UNKNOWN STEP	2025-07-24T13:10:19.6588061Z [command]/usr/bin/git submodule foreach --recursive sh -c "git config --local --name-only --get-regexp 'http\.https\:\/\/github\.com\/\.extraheader' && git config --local --unset-all 'http.https://github.com/.extraheader' || :"
build	UNKNOWN STEP	2025-07-24T13:10:19.6817969Z [command]/usr/bin/git config --local http.https://github.com/.extraheader AUTHORIZATION: basic ***
build	UNKNOWN STEP	2025-07-24T13:10:19.6934692Z ##[endgroup]
build	UNKNOWN STEP	2025-07-24T13:10:19.6935605Z ##[group]Fetching the repository
build	UNKNOWN STEP	2025-07-24T13:10:19.6944367Z [command]/usr/bin/git -c protocol.version=2 fetch --no-tags --prune --no-recurse-submodules --depth=1 origin +f73806b9073d7d998649d215a59e149f0d898fb5:refs/remotes/origin/master
build	UNKNOWN STEP	2025-07-24T13:10:19.9556308Z From https://github.com/yashmahi88/github-model-test-basic
build	UNKNOWN STEP	2025-07-24T13:10:19.9557428Z  * [new ref]         f73806b9073d7d998649d215a59e149f0d898fb5 -> origin/master
build	UNKNOWN STEP	2025-07-24T13:10:19.9583640Z ##[endgroup]
build	UNKNOWN STEP	2025-07-24T13:10:19.9584909Z ##[group]Determining the checkout info
build	UNKNOWN STEP	2025-07-24T13:10:19.9586430Z ##[endgroup]
build	UNKNOWN STEP	2025-07-24T13:10:19.9592416Z [command]/usr/bin/git sparse-checkout disable
build	UNKNOWN STEP	2025-07-24T13:10:19.9636349Z [command]/usr/bin/git config --local --unset-all extensions.worktreeConfig
build	UNKNOWN STEP	2025-07-24T13:10:19.9667779Z ##[group]Checking out the ref
build	UNKNOWN STEP	2025-07-24T13:10:19.9672700Z [command]/usr/bin/git checkout --progress --force -B master refs/remotes/origin/master
build	UNKNOWN STEP	2025-07-24T13:10:19.9824856Z Reset branch 'master'
build	UNKNOWN STEP	2025-07-24T13:10:19.9826187Z branch 'master' set up to track 'origin/master'.
build	UNKNOWN STEP	2025-07-24T13:10:19.9833276Z ##[endgroup]
build	UNKNOWN STEP	2025-07-24T13:10:19.9873613Z [command]/usr/bin/git log -1 --format=%H
build	UNKNOWN STEP	2025-07-24T13:10:19.9898243Z f73806b9073d7d998649d215a59e149f0d898fb5
build	UNKNOWN STEP	2025-07-24T13:10:20.0154116Z ##[group]Run actions/setup-node@v4
build	UNKNOWN STEP	2025-07-24T13:10:20.0154684Z with:
build	UNKNOWN STEP	2025-07-24T13:10:20.0155057Z   node-version: 18
build	UNKNOWN STEP	2025-07-24T13:10:20.0155470Z   always-auth: false
build	UNKNOWN STEP	2025-07-24T13:10:20.0155904Z   check-latest: false
build	UNKNOWN STEP	2025-07-24T13:10:20.0156503Z   token: ***
build	UNKNOWN STEP	2025-07-24T13:10:20.0156885Z ##[endgroup]
build	UNKNOWN STEP	2025-07-24T13:10:20.2021770Z Found in cache @ /opt/hostedtoolcache/node/18.20.8/x64
build	UNKNOWN STEP	2025-07-24T13:10:20.2028925Z ##[group]Environment details
build	UNKNOWN STEP	2025-07-24T13:10:22.0290480Z node: v18.20.8
build	UNKNOWN STEP	2025-07-24T13:10:22.0291033Z npm: 10.8.2
build	UNKNOWN STEP	2025-07-24T13:10:22.0291392Z yarn: 1.22.22
build	UNKNOWN STEP	2025-07-24T13:10:22.0294950Z ##[endgroup]
build	UNKNOWN STEP	2025-07-24T13:10:22.0413618Z ##[group]Run npm init -y
build	UNKNOWN STEP	2025-07-24T13:10:22.0413988Z [36;1mnpm init -y[0m
build	UNKNOWN STEP	2025-07-24T13:10:22.0452459Z shell: /usr/bin/bash -e {0}
build	UNKNOWN STEP	2025-07-24T13:10:22.0452781Z ##[endgroup]
build	UNKNOWN STEP	2025-07-24T13:10:24.4777279Z Wrote to /home/runner/work/github-model-test-basic/github-model-test-basic/package.json:
build	UNKNOWN STEP	2025-07-24T13:10:24.4777894Z 
build	UNKNOWN STEP	2025-07-24T13:10:24.4778071Z {
build	UNKNOWN STEP	2025-07-24T13:10:24.4778397Z   "name": "github-model-test-basic",
build	UNKNOWN STEP	2025-07-24T13:10:24.4778781Z   "version": "1.0.0",
build	UNKNOWN STEP	2025-07-24T13:10:24.4779065Z   "main": "index.js",
build	UNKNOWN STEP	2025-07-24T13:10:24.4779356Z   "scripts": {
build	UNKNOWN STEP	2025-07-24T13:10:24.4779743Z     "test": "echo \"Error: no test specified\" && exit 1"
build	UNKNOWN STEP	2025-07-24T13:10:24.4780152Z   },
build	UNKNOWN STEP	2025-07-24T13:10:24.4780389Z   "keywords": [],
build	UNKNOWN STEP	2025-07-24T13:10:24.4792649Z   "author": "",
build	UNKNOWN STEP	2025-07-24T13:10:24.4792918Z   "license": "ISC",
build	UNKNOWN STEP	2025-07-24T13:10:24.4793144Z   "description": ""
build	UNKNOWN STEP	2025-07-24T13:10:24.4793362Z }
build	UNKNOWN STEP	2025-07-24T13:10:24.4793490Z 
build	UNKNOWN STEP	2025-07-24T13:10:24.4793504Z 
build	UNKNOWN STEP	2025-07-24T13:10:24.4793589Z 
build	UNKNOWN STEP	2025-07-24T13:10:24.4901003Z ##[group]Run sudo apt-get update && sudo apt-get install -y jq
build	UNKNOWN STEP	2025-07-24T13:10:24.4901507Z [36;1msudo apt-get update && sudo apt-get install -y jq[0m
build	UNKNOWN STEP	2025-07-24T13:10:24.4930387Z shell: /usr/bin/bash -e {0}
build	UNKNOWN STEP	2025-07-24T13:10:24.4930672Z ##[endgroup]
build	UNKNOWN STEP	2025-07-24T13:10:24.6051891Z Get:1 file:/etc/apt/apt-mirrors.txt Mirrorlist [144 B]
build	UNKNOWN STEP	2025-07-24T13:10:24.6518277Z Hit:2 http://azure.archive.ubuntu.com/ubuntu noble InRelease
build	UNKNOWN STEP	2025-07-24T13:10:24.6519874Z Hit:6 https://packages.microsoft.com/repos/azure-cli noble InRelease
build	UNKNOWN STEP	2025-07-24T13:10:24.6530386Z Get:7 https://packages.microsoft.com/ubuntu/24.04/prod noble InRelease [3600 B]
build	UNKNOWN STEP	2025-07-24T13:10:24.6550334Z Get:3 http://azure.archive.ubuntu.com/ubuntu noble-updates InRelease [126 kB]
build	UNKNOWN STEP	2025-07-24T13:10:24.6615009Z Get:4 http://azure.archive.ubuntu.com/ubuntu noble-backports InRelease [126 kB]
build	UNKNOWN STEP	2025-07-24T13:10:24.6634129Z Get:5 http://azure.archive.ubuntu.com/ubuntu noble-security InRelease [126 kB]
build	UNKNOWN STEP	2025-07-24T13:10:24.9420310Z Get:8 http://azure.archive.ubuntu.com/ubuntu noble-updates/main amd64 Packages [1281 kB]
build	UNKNOWN STEP	2025-07-24T13:10:24.9586769Z Get:9 http://azure.archive.ubuntu.com/ubuntu noble-updates/main Translation-en [260 kB]
build	UNKNOWN STEP	2025-07-24T13:10:24.9617855Z Get:10 http://azure.archive.ubuntu.com/ubuntu noble-updates/main amd64 Components [163 kB]
build	UNKNOWN STEP	2025-07-24T13:10:24.9645042Z Get:11 http://azure.archive.ubuntu.com/ubuntu noble-updates/universe amd64 Packages [1112 kB]
build	UNKNOWN STEP	2025-07-24T13:10:24.9725817Z Get:12 http://azure.archive.ubuntu.com/ubuntu noble-updates/universe Translation-en [284 kB]
build	UNKNOWN STEP	2025-07-24T13:10:24.9756392Z Get:13 http://azure.archive.ubuntu.com/ubuntu noble-updates/universe amd64 Components [377 kB]
build	UNKNOWN STEP	2025-07-24T13:10:24.9791383Z Get:14 http://azure.archive.ubuntu.com/ubuntu noble-updates/restricted amd64 Packages [1572 kB]
build	UNKNOWN STEP	2025-07-24T13:10:24.9888979Z Get:15 http://azure.archive.ubuntu.com/ubuntu noble-updates/restricted Translation-en [341 kB]
build	UNKNOWN STEP	2025-07-24T13:10:24.9916946Z Get:16 http://azure.archive.ubuntu.com/ubuntu noble-updates/restricted amd64 Components [212 B]
build	UNKNOWN STEP	2025-07-24T13:10:24.9931297Z Get:17 http://azure.archive.ubuntu.com/ubuntu noble-updates/multiverse amd64 Components [940 B]
build	UNKNOWN STEP	2025-07-24T13:10:25.0139278Z Get:22 https://packages.microsoft.com/ubuntu/24.04/prod noble/main amd64 Packages [43.5 kB]
build	UNKNOWN STEP	2025-07-24T13:10:25.0561175Z Get:18 http://azure.archive.ubuntu.com/ubuntu noble-backports/main amd64 Components [7060 B]
build	UNKNOWN STEP	2025-07-24T13:10:25.0578216Z Get:19 http://azure.archive.ubuntu.com/ubuntu noble-backports/universe amd64 Components [28.3 kB]
build	UNKNOWN STEP	2025-07-24T13:10:25.0623719Z Get:20 http://azure.archive.ubuntu.com/ubuntu noble-backports/restricted amd64 Components [216 B]
build	UNKNOWN STEP	2025-07-24T13:10:25.0625005Z Get:21 http://azure.archive.ubuntu.com/ubuntu noble-backports/multiverse amd64 Components [212 B]
build	UNKNOWN STEP	2025-07-24T13:10:25.0653647Z Get:23 http://azure.archive.ubuntu.com/ubuntu noble-security/main amd64 Packages [1023 kB]
build	UNKNOWN STEP	2025-07-24T13:10:25.0726486Z Get:24 http://azure.archive.ubuntu.com/ubuntu noble-security/main Translation-en [179 kB]
build	UNKNOWN STEP	2025-07-24T13:10:25.0746955Z Get:25 http://azure.archive.ubuntu.com/ubuntu noble-security/main amd64 Components [21.6 kB]
build	UNKNOWN STEP	2025-07-24T13:10:25.0761500Z Get:26 http://azure.archive.ubuntu.com/ubuntu noble-security/universe amd64 Packages [876 kB]
build	UNKNOWN STEP	2025-07-24T13:10:25.0824636Z Get:27 http://azure.archive.ubuntu.com/ubuntu noble-security/universe Translation-en [193 kB]
build	UNKNOWN STEP	2025-07-24T13:10:25.0846764Z Get:28 http://azure.archive.ubuntu.com/ubuntu noble-security/universe amd64 Components [52.2 kB]
build	UNKNOWN STEP	2025-07-24T13:10:25.0867524Z Get:29 http://azure.archive.ubuntu.com/ubuntu noble-security/restricted amd64 Packages [1484 kB]
build	UNKNOWN STEP	2025-07-24T13:10:25.0947802Z Get:30 http://azure.archive.ubuntu.com/ubuntu noble-security/restricted Translation-en [323 kB]
build	UNKNOWN STEP	2025-07-24T13:10:25.0981152Z Get:31 http://azure.archive.ubuntu.com/ubuntu noble-security/restricted amd64 Components [212 B]
build	UNKNOWN STEP	2025-07-24T13:10:25.0992551Z Get:32 http://azure.archive.ubuntu.com/ubuntu noble-security/multiverse amd64 Components [212 B]
build	UNKNOWN STEP	2025-07-24T13:10:25.1184570Z Get:33 https://packages.microsoft.com/ubuntu/24.04/prod noble/main arm64 Packages [29.1 kB]
build	UNKNOWN STEP	2025-07-24T13:10:25.1480024Z Get:34 https://packages.microsoft.com/ubuntu/24.04/prod noble/main armhf Packages [9488 B]
build	UNKNOWN STEP	2025-07-24T13:10:25.1741727Z Get:35 https://packages.microsoft.com/ubuntu/24.04/prod noble/main all Packages [643 B]
build	UNKNOWN STEP	2025-07-24T13:10:29.6904075Z Fetched 10.0 MB in 1s (7345 kB/s)
build	UNKNOWN STEP	2025-07-24T13:10:30.4688321Z Reading package lists...
build	UNKNOWN STEP	2025-07-24T13:10:30.5018144Z Reading package lists...
build	UNKNOWN STEP	2025-07-24T13:10:30.7130127Z Building dependency tree...
build	UNKNOWN STEP	2025-07-24T13:10:30.7139220Z Reading state information...
build	UNKNOWN STEP	2025-07-24T13:10:30.9074497Z The following additional packages will be installed:
build	UNKNOWN STEP	2025-07-24T13:10:30.9079465Z   libjq1
build	UNKNOWN STEP	2025-07-24T13:10:30.9399968Z The following packages will be upgraded:
build	UNKNOWN STEP	2025-07-24T13:10:30.9406152Z   jq libjq1
build	UNKNOWN STEP	2025-07-24T13:10:30.9605003Z 2 upgraded, 0 newly installed, 0 to remove and 16 not upgraded.
build	UNKNOWN STEP	2025-07-24T13:10:30.9605741Z Need to get 207 kB of archives.
build	UNKNOWN STEP	2025-07-24T13:10:30.9606264Z After this operation, 0 B of additional disk space will be used.
build	UNKNOWN STEP	2025-07-24T13:10:30.9606747Z Get:1 file:/etc/apt/apt-mirrors.txt Mirrorlist [144 B]
build	UNKNOWN STEP	2025-07-24T13:10:30.9976598Z Get:2 http://azure.archive.ubuntu.com/ubuntu noble-updates/main amd64 jq amd64 1.7.1-3ubuntu0.24.04.1 [65.7 kB]
build	UNKNOWN STEP	2025-07-24T13:10:31.0196063Z Get:3 http://azure.archive.ubuntu.com/ubuntu noble-updates/main amd64 libjq1 amd64 1.7.1-3ubuntu0.24.04.1 [141 kB]
build	UNKNOWN STEP	2025-07-24T13:10:31.3073253Z Fetched 207 kB in 0s (2907 kB/s)
build	UNKNOWN STEP	2025-07-24T13:10:31.4985720Z (Reading database ... 
build	UNKNOWN STEP	2025-07-24T13:10:31.4986179Z (Reading database ... 5%
build	UNKNOWN STEP	2025-07-24T13:10:31.4986584Z (Reading database ... 10%
build	UNKNOWN STEP	2025-07-24T13:10:31.4987048Z (Reading database ... 15%
build	UNKNOWN STEP	2025-07-24T13:10:31.4987575Z (Reading database ... 20%
build	UNKNOWN STEP	2025-07-24T13:10:31.4988092Z (Reading database ... 25%
build	UNKNOWN STEP	2025-07-24T13:10:31.4988591Z (Reading database ... 30%
build	UNKNOWN STEP	2025-07-24T13:10:31.4989077Z (Reading database ... 35%
build	UNKNOWN STEP	2025-07-24T13:10:31.4989554Z (Reading database ... 40%
build	UNKNOWN STEP	2025-07-24T13:10:31.4990072Z (Reading database ... 45%
build	UNKNOWN STEP	2025-07-24T13:10:31.4990660Z (Reading database ... 50%
build	UNKNOWN STEP	2025-07-24T13:10:31.6481054Z (Reading database ... 55%
build	UNKNOWN STEP	2025-07-24T13:10:32.0500172Z (Reading database ... 60%
build	UNKNOWN STEP	2025-07-24T13:10:32.4594144Z (Reading database ... 65%
build	UNKNOWN STEP	2025-07-24T13:10:32.8664111Z (Reading database ... 70%
build	UNKNOWN STEP	2025-07-24T13:10:33.2976651Z (Reading database ... 75%
build	UNKNOWN STEP	2025-07-24T13:10:33.8668860Z (Reading database ... 80%
build	UNKNOWN STEP	2025-07-24T13:10:34.4845085Z (Reading database ... 85%
build	UNKNOWN STEP	2025-07-24T13:10:35.1996896Z (Reading database ... 90%
build	UNKNOWN STEP	2025-07-24T13:10:35.7880110Z (Reading database ... 95%
build	UNKNOWN STEP	2025-07-24T13:10:35.7880657Z (Reading database ... 100%
build	UNKNOWN STEP	2025-07-24T13:10:35.7884731Z (Reading database ... 219605 files and directories currently installed.)
build	UNKNOWN STEP	2025-07-24T13:10:35.7931687Z Preparing to unpack .../jq_1.7.1-3ubuntu0.24.04.1_amd64.deb ...
build	UNKNOWN STEP	2025-07-24T13:10:35.7985587Z Unpacking jq (1.7.1-3ubuntu0.24.04.1) over (1.7.1-3build1) ...
build	UNKNOWN STEP	2025-07-24T13:10:35.8521354Z Preparing to unpack .../libjq1_1.7.1-3ubuntu0.24.04.1_amd64.deb ...
build	UNKNOWN STEP	2025-07-24T13:10:35.8609616Z Unpacking libjq1:amd64 (1.7.1-3ubuntu0.24.04.1) over (1.7.1-3build1) ...
build	UNKNOWN STEP	2025-07-24T13:10:35.9065998Z Setting up libjq1:amd64 (1.7.1-3ubuntu0.24.04.1) ...
build	UNKNOWN STEP	2025-07-24T13:10:35.9099389Z Setting up jq (1.7.1-3ubuntu0.24.04.1) ...
build	UNKNOWN STEP	2025-07-24T13:10:35.9138965Z Processing triggers for man-db (2.12.0-4build2) ...
build	UNKNOWN STEP	2025-07-24T13:11:21.7163622Z Processing triggers for libc-bin (2.39-0ubuntu8.5) ...
build	UNKNOWN STEP	2025-07-24T13:11:22.8543332Z 
build	UNKNOWN STEP	2025-07-24T13:11:22.8545862Z Running kernel seems to be up-to-date.
build	UNKNOWN STEP	2025-07-24T13:11:22.8546258Z 
build	UNKNOWN STEP	2025-07-24T13:11:22.8546436Z Restarting services...
build	UNKNOWN STEP	2025-07-24T13:11:22.8617114Z 
build	UNKNOWN STEP	2025-07-24T13:11:22.8617741Z Service restarts being deferred:
build	UNKNOWN STEP	2025-07-24T13:11:22.8618958Z  systemctl restart hosted-compute-agent.service
build	UNKNOWN STEP	2025-07-24T13:11:22.8619232Z 
build	UNKNOWN STEP	2025-07-24T13:11:22.8619857Z No containers need to be restarted.
build	UNKNOWN STEP	2025-07-24T13:11:22.8620181Z 
build	UNKNOWN STEP	2025-07-24T13:11:22.8620503Z No user sessions are running outdated binaries.
build	UNKNOWN STEP	2025-07-24T13:11:22.8620860Z 
build	UNKNOWN STEP	2025-07-24T13:11:22.8621712Z No VM guests are running outdated hypervisor (qemu) binaries on this host.
build	UNKNOWN STEP	2025-07-24T13:11:24.0254419Z ##[group]Run jq '.scripts = {
build	UNKNOWN STEP	2025-07-24T13:11:24.0254743Z [36;1mjq '.scripts = {[0m
build	UNKNOWN STEP	2025-07-24T13:11:24.0254989Z [36;1m  "lint": "echo Lint successful",[0m
build	UNKNOWN STEP	2025-07-24T13:11:24.0255256Z [36;1m  "test": "echo Tests passed"[0m
build	UNKNOWN STEP	2025-07-24T13:11:24.0255581Z [36;1m}' package.json > tmp.json && mv tmp.json package.json[0m
build	UNKNOWN STEP	2025-07-24T13:11:24.0283137Z shell: /usr/bin/bash -e {0}
build	UNKNOWN STEP	2025-07-24T13:11:24.0283376Z ##[endgroup]
build	UNKNOWN STEP	2025-07-24T13:11:24.0400846Z ##[group]Run npm install
build	UNKNOWN STEP	2025-07-24T13:11:24.0401144Z [36;1mnpm install[0m
build	UNKNOWN STEP	2025-07-24T13:11:24.0428426Z shell: /usr/bin/bash -e {0}
build	UNKNOWN STEP	2025-07-24T13:11:24.0428681Z ##[endgroup]
build	UNKNOWN STEP	2025-07-24T13:11:24.4363979Z 
build	UNKNOWN STEP	2025-07-24T13:11:24.4364568Z up to date, audited 1 package in 319ms
build	UNKNOWN STEP	2025-07-24T13:11:24.4374650Z 
build	UNKNOWN STEP	2025-07-24T13:11:24.4374931Z found 0 vulnerabilities
build	UNKNOWN STEP	2025-07-24T13:11:24.4475446Z ##[group]Run npm run lint
build	UNKNOWN STEP	2025-07-24T13:11:24.4475726Z [36;1mnpm run lint[0m
build	UNKNOWN STEP	2025-07-24T13:11:24.4502856Z shell: /usr/bin/bash -e {0}
build	UNKNOWN STEP	2025-07-24T13:11:24.4503096Z ##[endgroup]
build	UNKNOWN STEP	2025-07-24T13:11:24.5916869Z 
build	UNKNOWN STEP	2025-07-24T13:11:24.5917431Z > github-model-test-basic@1.0.0 lint
build	UNKNOWN STEP	2025-07-24T13:11:24.5918030Z > echo Lint successful
build	UNKNOWN STEP	2025-07-24T13:11:24.5918275Z 
build	UNKNOWN STEP	2025-07-24T13:11:24.6084633Z Lint successful
build	UNKNOWN STEP	2025-07-24T13:11:24.6211938Z ##[group]Run npm test
build	UNKNOWN STEP	2025-07-24T13:11:24.6212565Z [36;1mnpm test[0m
build	UNKNOWN STEP	2025-07-24T13:11:24.6249588Z shell: /usr/bin/bash -e {0}
build	UNKNOWN STEP	2025-07-24T13:11:24.6249976Z ##[endgroup]
build	UNKNOWN STEP	2025-07-24T13:11:24.7981031Z 
build	UNKNOWN STEP	2025-07-24T13:11:24.7981888Z > github-model-test-basic@1.0.0 test
build	UNKNOWN STEP	2025-07-24T13:11:24.7982866Z > echo Tests passed
build	UNKNOWN STEP	2025-07-24T13:11:24.7983122Z 
build	UNKNOWN STEP	2025-07-24T13:11:24.8026066Z Tests passed
build	UNKNOWN STEP	2025-07-24T13:11:24.8158746Z Post job cleanup.
build	UNKNOWN STEP	2025-07-24T13:11:24.9913768Z Post job cleanup.
build	UNKNOWN STEP	2025-07-24T13:11:25.0897985Z [command]/usr/bin/git version
build	UNKNOWN STEP	2025-07-24T13:11:25.0937723Z git version 2.50.1
build	UNKNOWN STEP	2025-07-24T13:11:25.0985330Z Temporarily overriding HOME='/home/runner/work/_temp/5af4b2ce-8504-4ba4-b1ad-b36042ba7177' before making global git config changes
build	UNKNOWN STEP	2025-07-24T13:11:25.0986697Z Adding repository directory to the temporary git global config as a safe directory
build	UNKNOWN STEP	2025-07-24T13:11:25.0991761Z [command]/usr/bin/git config --global --add safe.directory /home/runner/work/github-model-test-basic/github-model-test-basic
build	UNKNOWN STEP	2025-07-24T13:11:25.1040107Z [command]/usr/bin/git config --local --name-only --get-regexp core\.sshCommand
build	UNKNOWN STEP	2025-07-24T13:11:25.1077075Z [command]/usr/bin/git submodule foreach --recursive sh -c "git config --local --name-only --get-regexp 'core\.sshCommand' && git config --local --unset-all 'core.sshCommand' || :"
build	UNKNOWN STEP	2025-07-24T13:11:25.1319710Z [command]/usr/bin/git config --local --name-only --get-regexp http\.https\:\/\/github\.com\/\.extraheader
build	UNKNOWN STEP	2025-07-24T13:11:25.1343209Z http.https://github.com/.extraheader
build	UNKNOWN STEP	2025-07-24T13:11:25.1357082Z [command]/usr/bin/git config --local --unset-all http.https://github.com/.extraheader
build	UNKNOWN STEP	2025-07-24T13:11:25.1392832Z [command]/usr/bin/git submodule foreach --recursive sh -c "git config --local --name-only --get-regexp 'http\.https\:\/\/github\.com\/\.extraheader' && git config --local --unset-all 'http.https://github.com/.extraheader' || :"
build	UNKNOWN STEP	2025-07-24T13:11:25.1735655Z Cleaning up orphan processes
