build	UNKNOWN STEP	ï»¿2025-07-02T10:46:13.6897561Z Current runner version: '2.325.0'
build	UNKNOWN STEP	2025-07-02T10:46:13.6931061Z ##[group]Runner Image Provisioner
build	UNKNOWN STEP	2025-07-02T10:46:13.6932494Z Hosted Compute Agent
build	UNKNOWN STEP	2025-07-02T10:46:13.6933366Z Version: 20250701.355
build	UNKNOWN STEP	2025-07-02T10:46:13.6934371Z Commit: 27f92e4f1798a901b7712d341e6f04a2ff90d227
build	UNKNOWN STEP	2025-07-02T10:46:13.6935733Z Build Date: 2025-07-01T18:23:27Z
build	UNKNOWN STEP	2025-07-02T10:46:13.6936961Z ##[endgroup]
build	UNKNOWN STEP	2025-07-02T10:46:13.6937846Z ##[group]Operating System
build	UNKNOWN STEP	2025-07-02T10:46:13.6938988Z Ubuntu
build	UNKNOWN STEP	2025-07-02T10:46:13.6939822Z 24.04.2
build	UNKNOWN STEP	2025-07-02T10:46:13.6940532Z LTS
build	UNKNOWN STEP	2025-07-02T10:46:13.6941407Z ##[endgroup]
build	UNKNOWN STEP	2025-07-02T10:46:13.6942155Z ##[group]Runner Image
build	UNKNOWN STEP	2025-07-02T10:46:13.6943074Z Image: ubuntu-24.04
build	UNKNOWN STEP	2025-07-02T10:46:13.6944013Z Version: 20250622.1.0
build	UNKNOWN STEP	2025-07-02T10:46:13.6945859Z Included Software: https://github.com/actions/runner-images/blob/ubuntu24/20250622.1/images/ubuntu/Ubuntu2404-Readme.md
build	UNKNOWN STEP	2025-07-02T10:46:13.6949035Z Image Release: https://github.com/actions/runner-images/releases/tag/ubuntu24%2F20250622.1
build	UNKNOWN STEP	2025-07-02T10:46:13.6950731Z ##[endgroup]
build	UNKNOWN STEP	2025-07-02T10:46:13.6955227Z ##[group]GITHUB_TOKEN Permissions
build	UNKNOWN STEP	2025-07-02T10:46:13.6958145Z Actions: write
build	UNKNOWN STEP	2025-07-02T10:46:13.6959054Z Attestations: write
build	UNKNOWN STEP	2025-07-02T10:46:13.6959965Z Checks: write
build	UNKNOWN STEP	2025-07-02T10:46:13.6960753Z Contents: write
build	UNKNOWN STEP	2025-07-02T10:46:13.6961931Z Deployments: write
build	UNKNOWN STEP	2025-07-02T10:46:13.6962732Z Discussions: write
build	UNKNOWN STEP	2025-07-02T10:46:13.6963643Z Issues: write
build	UNKNOWN STEP	2025-07-02T10:46:13.6964447Z Metadata: read
build	UNKNOWN STEP	2025-07-02T10:46:13.6965294Z Models: read
build	UNKNOWN STEP	2025-07-02T10:46:13.6966133Z Packages: write
build	UNKNOWN STEP	2025-07-02T10:46:13.6967204Z Pages: write
build	UNKNOWN STEP	2025-07-02T10:46:13.6967977Z PullRequests: write
build	UNKNOWN STEP	2025-07-02T10:46:13.6968980Z RepositoryProjects: write
build	UNKNOWN STEP	2025-07-02T10:46:13.6969973Z SecurityEvents: write
build	UNKNOWN STEP	2025-07-02T10:46:13.6970950Z Statuses: write
build	UNKNOWN STEP	2025-07-02T10:46:13.6971794Z ##[endgroup]
build	UNKNOWN STEP	2025-07-02T10:46:13.6974660Z Secret source: Actions
build	UNKNOWN STEP	2025-07-02T10:46:13.6975669Z Prepare workflow directory
build	UNKNOWN STEP	2025-07-02T10:46:13.7461850Z Prepare all required actions
build	UNKNOWN STEP	2025-07-02T10:46:13.7519255Z Getting action download info
build	UNKNOWN STEP	2025-07-02T10:46:14.0308860Z ##[group]Download immutable action package 'actions/checkout@v4'
build	UNKNOWN STEP	2025-07-02T10:46:14.0309821Z Version: 4.2.2
build	UNKNOWN STEP	2025-07-02T10:46:14.0310928Z Digest: sha256:ccb2698953eaebd21c7bf6268a94f9c26518a7e38e27e0b83c1fe1ad049819b1
build	UNKNOWN STEP	2025-07-02T10:46:14.0312082Z Source commit SHA: 11bd71901bbe5b1630ceea73d27597364c9af683
build	UNKNOWN STEP	2025-07-02T10:46:14.0312753Z ##[endgroup]
build	UNKNOWN STEP	2025-07-02T10:46:14.1054750Z ##[group]Download immutable action package 'actions/setup-node@v4'
build	UNKNOWN STEP	2025-07-02T10:46:14.1055509Z Version: 4.4.0
build	UNKNOWN STEP	2025-07-02T10:46:14.1056208Z Digest: sha256:9427cefe82346e992fb5b949e3569b39d537ae41aa3086483b14eceebfc16bc1
build	UNKNOWN STEP	2025-07-02T10:46:14.1057596Z Source commit SHA: 49933ea5288caeca8642d1e84afbd3f7d6820020
build	UNKNOWN STEP	2025-07-02T10:46:14.1058295Z ##[endgroup]
build	UNKNOWN STEP	2025-07-02T10:46:14.3283873Z Complete job name: build
build	UNKNOWN STEP	2025-07-02T10:46:14.3965256Z ##[group]Run actions/checkout@v4
build	UNKNOWN STEP	2025-07-02T10:46:14.3966059Z with:
build	UNKNOWN STEP	2025-07-02T10:46:14.3966706Z   repository: yashmahi88/github-model-test-basic
build	UNKNOWN STEP	2025-07-02T10:46:14.3967416Z   token: ***
build	UNKNOWN STEP	2025-07-02T10:46:14.3967782Z   ssh-strict: true
build	UNKNOWN STEP	2025-07-02T10:46:14.3968151Z   ssh-user: git
build	UNKNOWN STEP	2025-07-02T10:46:14.3968536Z   persist-credentials: true
build	UNKNOWN STEP	2025-07-02T10:46:14.3968966Z   clean: true
build	UNKNOWN STEP	2025-07-02T10:46:14.3969345Z   sparse-checkout-cone-mode: true
build	UNKNOWN STEP	2025-07-02T10:46:14.3969790Z   fetch-depth: 1
build	UNKNOWN STEP	2025-07-02T10:46:14.3970154Z   fetch-tags: false
build	UNKNOWN STEP	2025-07-02T10:46:14.3970524Z   show-progress: true
build	UNKNOWN STEP	2025-07-02T10:46:14.3970907Z   lfs: false
build	UNKNOWN STEP	2025-07-02T10:46:14.3971259Z   submodules: false
build	UNKNOWN STEP	2025-07-02T10:46:14.3971643Z   set-safe-directory: true
build	UNKNOWN STEP	2025-07-02T10:46:14.3972291Z ##[endgroup]
build	UNKNOWN STEP	2025-07-02T10:46:14.5021886Z Syncing repository: yashmahi88/github-model-test-basic
build	UNKNOWN STEP	2025-07-02T10:46:14.5023632Z ##[group]Getting Git version info
build	UNKNOWN STEP	2025-07-02T10:46:14.5024712Z Working directory is '/home/runner/work/github-model-test-basic/github-model-test-basic'
build	UNKNOWN STEP	2025-07-02T10:46:14.5025884Z [command]/usr/bin/git version
build	UNKNOWN STEP	2025-07-02T10:46:14.5053249Z git version 2.49.0
build	UNKNOWN STEP	2025-07-02T10:46:14.5079206Z ##[endgroup]
build	UNKNOWN STEP	2025-07-02T10:46:14.5092829Z Temporarily overriding HOME='/home/runner/work/_temp/628b186d-f5d2-4433-97fb-87c625dc7582' before making global git config changes
build	UNKNOWN STEP	2025-07-02T10:46:14.5094274Z Adding repository directory to the temporary git global config as a safe directory
build	UNKNOWN STEP	2025-07-02T10:46:14.5105389Z [command]/usr/bin/git config --global --add safe.directory /home/runner/work/github-model-test-basic/github-model-test-basic
build	UNKNOWN STEP	2025-07-02T10:46:14.5137547Z Deleting the contents of '/home/runner/work/github-model-test-basic/github-model-test-basic'
build	UNKNOWN STEP	2025-07-02T10:46:14.5140900Z ##[group]Initializing the repository
build	UNKNOWN STEP	2025-07-02T10:46:14.5144906Z [command]/usr/bin/git init /home/runner/work/github-model-test-basic/github-model-test-basic
build	UNKNOWN STEP	2025-07-02T10:46:14.5195575Z hint: Using 'master' as the name for the initial branch. This default branch name
build	UNKNOWN STEP	2025-07-02T10:46:14.5197003Z hint: is subject to change. To configure the initial branch name to use in all
build	UNKNOWN STEP	2025-07-02T10:46:14.5197982Z hint: of your new repositories, which will suppress this warning, call:
build	UNKNOWN STEP	2025-07-02T10:46:14.5198900Z hint:
build	UNKNOWN STEP	2025-07-02T10:46:14.5199643Z hint: 	git config --global init.defaultBranch <name>
build	UNKNOWN STEP	2025-07-02T10:46:14.5200286Z hint:
build	UNKNOWN STEP	2025-07-02T10:46:14.5200854Z hint: Names commonly chosen instead of 'master' are 'main', 'trunk' and
build	UNKNOWN STEP	2025-07-02T10:46:14.5201743Z hint: 'development'. The just-created branch can be renamed via this command:
build	UNKNOWN STEP	2025-07-02T10:46:14.5202446Z hint:
build	UNKNOWN STEP	2025-07-02T10:46:14.5202830Z hint: 	git branch -m <name>
build	UNKNOWN STEP	2025-07-02T10:46:14.5203793Z Initialized empty Git repository in /home/runner/work/github-model-test-basic/github-model-test-basic/.git/
build	UNKNOWN STEP	2025-07-02T10:46:14.5210323Z [command]/usr/bin/git remote add origin https://github.com/yashmahi88/github-model-test-basic
build	UNKNOWN STEP	2025-07-02T10:46:14.5239870Z ##[endgroup]
build	UNKNOWN STEP	2025-07-02T10:46:14.5240576Z ##[group]Disabling automatic garbage collection
build	UNKNOWN STEP	2025-07-02T10:46:14.5243896Z [command]/usr/bin/git config --local gc.auto 0
build	UNKNOWN STEP	2025-07-02T10:46:14.5271761Z ##[endgroup]
build	UNKNOWN STEP	2025-07-02T10:46:14.5272413Z ##[group]Setting up auth
build	UNKNOWN STEP	2025-07-02T10:46:14.5278785Z [command]/usr/bin/git config --local --name-only --get-regexp core\.sshCommand
build	UNKNOWN STEP	2025-07-02T10:46:14.5307524Z [command]/usr/bin/git submodule foreach --recursive sh -c "git config --local --name-only --get-regexp 'core\.sshCommand' && git config --local --unset-all 'core.sshCommand' || :"
build	UNKNOWN STEP	2025-07-02T10:46:14.5554755Z [command]/usr/bin/git config --local --name-only --get-regexp http\.https\:\/\/github\.com\/\.extraheader
build	UNKNOWN STEP	2025-07-02T10:46:14.5582455Z [command]/usr/bin/git submodule foreach --recursive sh -c "git config --local --name-only --get-regexp 'http\.https\:\/\/github\.com\/\.extraheader' && git config --local --unset-all 'http.https://github.com/.extraheader' || :"
build	UNKNOWN STEP	2025-07-02T10:46:14.5797564Z [command]/usr/bin/git config --local http.https://github.com/.extraheader AUTHORIZATION: basic ***
build	UNKNOWN STEP	2025-07-02T10:46:14.5830547Z ##[endgroup]
build	UNKNOWN STEP	2025-07-02T10:46:14.5831376Z ##[group]Fetching the repository
build	UNKNOWN STEP	2025-07-02T10:46:14.5839650Z [command]/usr/bin/git -c protocol.version=2 fetch --no-tags --prune --no-recurse-submodules --depth=1 origin +88d724a1f4ddda12752ce6bb8865b015bed755d9:refs/remotes/origin/master
build	UNKNOWN STEP	2025-07-02T10:46:14.9642147Z From https://github.com/yashmahi88/github-model-test-basic
build	UNKNOWN STEP	2025-07-02T10:46:14.9643928Z  * [new ref]         88d724a1f4ddda12752ce6bb8865b015bed755d9 -> origin/master
build	UNKNOWN STEP	2025-07-02T10:46:14.9667696Z ##[endgroup]
build	UNKNOWN STEP	2025-07-02T10:46:14.9668385Z ##[group]Determining the checkout info
build	UNKNOWN STEP	2025-07-02T10:46:14.9670743Z ##[endgroup]
build	UNKNOWN STEP	2025-07-02T10:46:14.9676684Z [command]/usr/bin/git sparse-checkout disable
build	UNKNOWN STEP	2025-07-02T10:46:14.9714386Z [command]/usr/bin/git config --local --unset-all extensions.worktreeConfig
build	UNKNOWN STEP	2025-07-02T10:46:14.9741941Z ##[group]Checking out the ref
build	UNKNOWN STEP	2025-07-02T10:46:14.9746213Z [command]/usr/bin/git checkout --progress --force -B master refs/remotes/origin/master
build	UNKNOWN STEP	2025-07-02T10:46:14.9845909Z Reset branch 'master'
build	UNKNOWN STEP	2025-07-02T10:46:14.9849451Z branch 'master' set up to track 'origin/master'.
build	UNKNOWN STEP	2025-07-02T10:46:14.9854919Z ##[endgroup]
build	UNKNOWN STEP	2025-07-02T10:46:14.9886784Z [command]/usr/bin/git log -1 --format=%H
build	UNKNOWN STEP	2025-07-02T10:46:14.9907993Z 88d724a1f4ddda12752ce6bb8865b015bed755d9
build	UNKNOWN STEP	2025-07-02T10:46:15.0177665Z ##[group]Run actions/setup-node@v4
build	UNKNOWN STEP	2025-07-02T10:46:15.0178259Z with:
build	UNKNOWN STEP	2025-07-02T10:46:15.0178664Z   node-version: 18
build	UNKNOWN STEP	2025-07-02T10:46:15.0179097Z   always-auth: false
build	UNKNOWN STEP	2025-07-02T10:46:15.0179537Z   check-latest: false
build	UNKNOWN STEP	2025-07-02T10:46:15.0180138Z   token: ***
build	UNKNOWN STEP	2025-07-02T10:46:15.0180533Z ##[endgroup]
build	UNKNOWN STEP	2025-07-02T10:46:15.1900150Z Found in cache @ /opt/hostedtoolcache/node/18.20.8/x64
build	UNKNOWN STEP	2025-07-02T10:46:15.1906702Z ##[group]Environment details
build	UNKNOWN STEP	2025-07-02T10:46:17.2338135Z node: v18.20.8
build	UNKNOWN STEP	2025-07-02T10:46:17.2338694Z npm: 10.8.2
build	UNKNOWN STEP	2025-07-02T10:46:17.2340637Z yarn: 1.22.22
build	UNKNOWN STEP	2025-07-02T10:46:17.2342010Z ##[endgroup]
build	UNKNOWN STEP	2025-07-02T10:46:17.2456711Z ##[group]Run npm init -y
build	UNKNOWN STEP	2025-07-02T10:46:17.2457079Z [36;1mnpm init -y[0m
build	UNKNOWN STEP	2025-07-02T10:46:17.2547585Z shell: /usr/bin/bash -e {0}
build	UNKNOWN STEP	2025-07-02T10:46:17.2547903Z ##[endgroup]
build	UNKNOWN STEP	2025-07-02T10:46:19.2466358Z Wrote to /home/runner/work/github-model-test-basic/github-model-test-basic/package.json:
build	UNKNOWN STEP	2025-07-02T10:46:19.2467273Z 
build	UNKNOWN STEP	2025-07-02T10:46:19.2467432Z {
build	UNKNOWN STEP	2025-07-02T10:46:19.2467767Z   "name": "github-model-test-basic",
build	UNKNOWN STEP	2025-07-02T10:46:19.2468150Z   "version": "1.0.0",
build	UNKNOWN STEP	2025-07-02T10:46:19.2468478Z   "main": "index.js",
build	UNKNOWN STEP	2025-07-02T10:46:19.2468770Z   "scripts": {
build	UNKNOWN STEP	2025-07-02T10:46:19.2469185Z     "test": "echo \"Error: no test specified\" && exit 1"
build	UNKNOWN STEP	2025-07-02T10:46:19.2469568Z   },
build	UNKNOWN STEP	2025-07-02T10:46:19.2469772Z   "keywords": [],
build	UNKNOWN STEP	2025-07-02T10:46:19.2469971Z   "author": "",
build	UNKNOWN STEP	2025-07-02T10:46:19.2470176Z   "license": "ISC",
build	UNKNOWN STEP	2025-07-02T10:46:19.2470418Z   "description": ""
build	UNKNOWN STEP	2025-07-02T10:46:19.2470680Z }
build	UNKNOWN STEP	2025-07-02T10:46:19.2470811Z 
build	UNKNOWN STEP	2025-07-02T10:46:19.2470837Z 
build	UNKNOWN STEP	2025-07-02T10:46:19.2478148Z 
build	UNKNOWN STEP	2025-07-02T10:46:19.2576183Z ##[group]Run sudo apt-get update && sudo apt-get install -y jq
build	UNKNOWN STEP	2025-07-02T10:46:19.2578163Z [36;1msudo apt-get update && sudo apt-get install -y jq[0m
build	UNKNOWN STEP	2025-07-02T10:46:19.2638177Z shell: /usr/bin/bash -e {0}
build	UNKNOWN STEP	2025-07-02T10:46:19.2638461Z ##[endgroup]
build	UNKNOWN STEP	2025-07-02T10:46:19.3555179Z Get:1 file:/etc/apt/apt-mirrors.txt Mirrorlist [144 B]
build	UNKNOWN STEP	2025-07-02T10:46:19.3918674Z Hit:2 http://azure.archive.ubuntu.com/ubuntu noble InRelease
build	UNKNOWN STEP	2025-07-02T10:46:19.3921022Z Get:6 https://packages.microsoft.com/repos/azure-cli noble InRelease [3564 B]
build	UNKNOWN STEP	2025-07-02T10:46:19.3928490Z Get:7 https://packages.microsoft.com/ubuntu/24.04/prod noble InRelease [3600 B]
build	UNKNOWN STEP	2025-07-02T10:46:19.3934171Z Get:3 http://azure.archive.ubuntu.com/ubuntu noble-updates InRelease [126 kB]
build	UNKNOWN STEP	2025-07-02T10:46:19.3987733Z Get:4 http://azure.archive.ubuntu.com/ubuntu noble-backports InRelease [126 kB]
build	UNKNOWN STEP	2025-07-02T10:46:19.4008750Z Get:5 http://azure.archive.ubuntu.com/ubuntu noble-security InRelease [126 kB]
build	UNKNOWN STEP	2025-07-02T10:46:19.5155464Z Get:8 https://packages.microsoft.com/repos/azure-cli noble/main amd64 Packages [1437 B]
build	UNKNOWN STEP	2025-07-02T10:46:19.5650978Z Get:9 https://packages.microsoft.com/ubuntu/24.04/prod noble/main arm64 Packages [24.8 kB]
build	UNKNOWN STEP	2025-07-02T10:46:19.5688967Z Get:10 https://packages.microsoft.com/ubuntu/24.04/prod noble/main amd64 Packages [37.6 kB]
build	UNKNOWN STEP	2025-07-02T10:46:19.5739179Z Get:11 https://packages.microsoft.com/ubuntu/24.04/prod noble/main armhf Packages [9049 B]
build	UNKNOWN STEP	2025-07-02T10:46:19.6134631Z Get:12 http://azure.archive.ubuntu.com/ubuntu noble-updates/main amd64 Packages [1207 kB]
build	UNKNOWN STEP	2025-07-02T10:46:19.6223254Z Get:13 http://azure.archive.ubuntu.com/ubuntu noble-updates/main Translation-en [250 kB]
build	UNKNOWN STEP	2025-07-02T10:46:19.6250833Z Get:14 http://azure.archive.ubuntu.com/ubuntu noble-updates/main amd64 Components [161 kB]
build	UNKNOWN STEP	2025-07-02T10:46:19.6274263Z Get:15 http://azure.archive.ubuntu.com/ubuntu noble-updates/universe amd64 Packages [1098 kB]
build	UNKNOWN STEP	2025-07-02T10:46:19.6348266Z Get:16 http://azure.archive.ubuntu.com/ubuntu noble-updates/universe Translation-en [279 kB]
build	UNKNOWN STEP	2025-07-02T10:46:19.6372708Z Get:17 http://azure.archive.ubuntu.com/ubuntu noble-updates/universe amd64 Components [376 kB]
build	UNKNOWN STEP	2025-07-02T10:46:19.6407171Z Get:18 http://azure.archive.ubuntu.com/ubuntu noble-updates/restricted amd64 Packages [1367 kB]
build	UNKNOWN STEP	2025-07-02T10:46:19.6480311Z Get:19 http://azure.archive.ubuntu.com/ubuntu noble-updates/restricted Translation-en [294 kB]
build	UNKNOWN STEP	2025-07-02T10:46:19.6510928Z Get:20 http://azure.archive.ubuntu.com/ubuntu noble-updates/restricted amd64 Components [212 B]
build	UNKNOWN STEP	2025-07-02T10:46:19.6523957Z Get:21 http://azure.archive.ubuntu.com/ubuntu noble-updates/multiverse amd64 Packages [22.1 kB]
build	UNKNOWN STEP	2025-07-02T10:46:19.6988933Z Get:22 http://azure.archive.ubuntu.com/ubuntu noble-updates/multiverse Translation-en [4972 B]
build	UNKNOWN STEP	2025-07-02T10:46:19.7003824Z Get:23 http://azure.archive.ubuntu.com/ubuntu noble-updates/multiverse amd64 Components [940 B]
build	UNKNOWN STEP	2025-07-02T10:46:19.7017673Z Get:24 http://azure.archive.ubuntu.com/ubuntu noble-backports/main amd64 Components [7080 B]
build	UNKNOWN STEP	2025-07-02T10:46:19.7034057Z Get:25 http://azure.archive.ubuntu.com/ubuntu noble-backports/universe amd64 Components [16.4 kB]
build	UNKNOWN STEP	2025-07-02T10:46:19.7053402Z Get:26 http://azure.archive.ubuntu.com/ubuntu noble-backports/restricted amd64 Components [216 B]
build	UNKNOWN STEP	2025-07-02T10:46:19.7062342Z Get:27 http://azure.archive.ubuntu.com/ubuntu noble-backports/multiverse amd64 Components [212 B]
build	UNKNOWN STEP	2025-07-02T10:46:19.7253753Z Get:28 http://azure.archive.ubuntu.com/ubuntu noble-security/main amd64 Packages [958 kB]
build	UNKNOWN STEP	2025-07-02T10:46:19.7311318Z Get:29 http://azure.archive.ubuntu.com/ubuntu noble-security/main Translation-en [172 kB]
build	UNKNOWN STEP	2025-07-02T10:46:19.7334015Z Get:30 http://azure.archive.ubuntu.com/ubuntu noble-security/main amd64 Components [21.5 kB]
build	UNKNOWN STEP	2025-07-02T10:46:19.7348342Z Get:31 http://azure.archive.ubuntu.com/ubuntu noble-security/universe amd64 Packages [865 kB]
build	UNKNOWN STEP	2025-07-02T10:46:19.7408360Z Get:32 http://azure.archive.ubuntu.com/ubuntu noble-security/universe Translation-en [189 kB]
build	UNKNOWN STEP	2025-07-02T10:46:19.7438468Z Get:33 http://azure.archive.ubuntu.com/ubuntu noble-security/universe amd64 Components [52.2 kB]
build	UNKNOWN STEP	2025-07-02T10:46:19.7459463Z Get:34 http://azure.archive.ubuntu.com/ubuntu noble-security/restricted amd64 Packages [1322 kB]
build	UNKNOWN STEP	2025-07-02T10:46:19.7537386Z Get:35 http://azure.archive.ubuntu.com/ubuntu noble-security/restricted Translation-en [285 kB]
build	UNKNOWN STEP	2025-07-02T10:46:19.8023006Z Get:36 http://azure.archive.ubuntu.com/ubuntu noble-security/restricted amd64 Components [208 B]
build	UNKNOWN STEP	2025-07-02T10:46:19.8035313Z Get:37 http://azure.archive.ubuntu.com/ubuntu noble-security/multiverse amd64 Components [208 B]
build	UNKNOWN STEP	2025-07-02T10:46:23.4563520Z Fetched 9407 kB in 1s (7704 kB/s)
build	UNKNOWN STEP	2025-07-02T10:46:24.1200545Z Reading package lists...
build	UNKNOWN STEP	2025-07-02T10:46:24.1516076Z Reading package lists...
build	UNKNOWN STEP	2025-07-02T10:46:24.3002181Z Building dependency tree...
build	UNKNOWN STEP	2025-07-02T10:46:24.3013867Z Reading state information...
build	UNKNOWN STEP	2025-07-02T10:46:24.4717776Z jq is already the newest version (1.7.1-3build1).
build	UNKNOWN STEP	2025-07-02T10:46:24.4718542Z 0 upgraded, 0 newly installed, 0 to remove and 45 not upgraded.
build	UNKNOWN STEP	2025-07-02T10:46:24.4825689Z ##[group]Run jq '.scripts = {
build	UNKNOWN STEP	2025-07-02T10:46:24.4826178Z [36;1mjq '.scripts = {[0m
build	UNKNOWN STEP	2025-07-02T10:46:24.4826762Z [36;1m  "lint": "echo Lint successful",[0m
build	UNKNOWN STEP	2025-07-02T10:46:24.4827207Z [36;1m  "test": "echo Tests passed"[0m
build	UNKNOWN STEP	2025-07-02T10:46:24.4827748Z [36;1m}' package.json > tmp.json && mv tmp.json package.json[0m
build	UNKNOWN STEP	2025-07-02T10:46:24.4890251Z shell: /usr/bin/bash -e {0}
build	UNKNOWN STEP	2025-07-02T10:46:24.4890479Z ##[endgroup]
build	UNKNOWN STEP	2025-07-02T10:46:24.5032295Z ##[group]Run npm install
build	UNKNOWN STEP	2025-07-02T10:46:24.5032537Z [36;1mnpm install[0m
build	UNKNOWN STEP	2025-07-02T10:46:24.5083592Z shell: /usr/bin/bash -e {0}
build	UNKNOWN STEP	2025-07-02T10:46:24.5083812Z ##[endgroup]
build	UNKNOWN STEP	2025-07-02T10:46:24.8784733Z 
build	UNKNOWN STEP	2025-07-02T10:46:24.8785375Z up to date, audited 1 package in 297ms
build	UNKNOWN STEP	2025-07-02T10:46:24.8794807Z 
build	UNKNOWN STEP	2025-07-02T10:46:24.8795017Z found 0 vulnerabilities
build	UNKNOWN STEP	2025-07-02T10:46:24.8884868Z ##[group]Run npm run lint
build	UNKNOWN STEP	2025-07-02T10:46:24.8885136Z [36;1mnpm run lint[0m
build	UNKNOWN STEP	2025-07-02T10:46:24.8943097Z shell: /usr/bin/bash -e {0}
build	UNKNOWN STEP	2025-07-02T10:46:24.8943325Z ##[endgroup]
build	UNKNOWN STEP	2025-07-02T10:46:25.0264491Z 
build	UNKNOWN STEP	2025-07-02T10:46:25.0265042Z > github-model-test-basic@1.0.0 lint
build	UNKNOWN STEP	2025-07-02T10:46:25.0265906Z > echo Lint successful
build	UNKNOWN STEP	2025-07-02T10:46:25.0266188Z 
build	UNKNOWN STEP	2025-07-02T10:46:25.0359641Z Lint successful
build	UNKNOWN STEP	2025-07-02T10:46:25.0447961Z ##[group]Run npm test
build	UNKNOWN STEP	2025-07-02T10:46:25.0448224Z [36;1mnpm test[0m
build	UNKNOWN STEP	2025-07-02T10:46:25.0505838Z shell: /usr/bin/bash -e {0}
build	UNKNOWN STEP	2025-07-02T10:46:25.0506098Z ##[endgroup]
build	UNKNOWN STEP	2025-07-02T10:46:25.1807667Z 
build	UNKNOWN STEP	2025-07-02T10:46:25.1808048Z > github-model-test-basic@1.0.0 test
build	UNKNOWN STEP	2025-07-02T10:46:25.1808544Z > echo Tests passed
build	UNKNOWN STEP	2025-07-02T10:46:25.1808689Z 
build	UNKNOWN STEP	2025-07-02T10:46:25.1847181Z Tests passed
build	UNKNOWN STEP	2025-07-02T10:46:25.2000217Z Post job cleanup.
build	UNKNOWN STEP	2025-07-02T10:46:25.3680056Z Post job cleanup.
build	UNKNOWN STEP	2025-07-02T10:46:25.4623197Z [command]/usr/bin/git version
build	UNKNOWN STEP	2025-07-02T10:46:25.4659871Z git version 2.49.0
build	UNKNOWN STEP	2025-07-02T10:46:25.4705368Z Temporarily overriding HOME='/home/runner/work/_temp/4324a895-b71c-4124-8e99-d7da655cd858' before making global git config changes
build	UNKNOWN STEP	2025-07-02T10:46:25.4707090Z Adding repository directory to the temporary git global config as a safe directory
build	UNKNOWN STEP	2025-07-02T10:46:25.4712329Z [command]/usr/bin/git config --global --add safe.directory /home/runner/work/github-model-test-basic/github-model-test-basic
build	UNKNOWN STEP	2025-07-02T10:46:25.4749233Z [command]/usr/bin/git config --local --name-only --get-regexp core\.sshCommand
build	UNKNOWN STEP	2025-07-02T10:46:25.4782374Z [command]/usr/bin/git submodule foreach --recursive sh -c "git config --local --name-only --get-regexp 'core\.sshCommand' && git config --local --unset-all 'core.sshCommand' || :"
build	UNKNOWN STEP	2025-07-02T10:46:25.5014258Z [command]/usr/bin/git config --local --name-only --get-regexp http\.https\:\/\/github\.com\/\.extraheader
build	UNKNOWN STEP	2025-07-02T10:46:25.5037693Z http.https://github.com/.extraheader
build	UNKNOWN STEP	2025-07-02T10:46:25.5050905Z [command]/usr/bin/git config --local --unset-all http.https://github.com/.extraheader
build	UNKNOWN STEP	2025-07-02T10:46:25.5083384Z [command]/usr/bin/git submodule foreach --recursive sh -c "git config --local --name-only --get-regexp 'http\.https\:\/\/github\.com\/\.extraheader' && git config --local --unset-all 'http.https://github.com/.extraheader' || :"
build	UNKNOWN STEP	2025-07-02T10:46:25.5430286Z Cleaning up orphan processes
