build	UNKNOWN STEP	ï»¿2025-07-15T06:40:41.2658934Z Current runner version: '2.326.0'
build	UNKNOWN STEP	2025-07-15T06:40:41.2684059Z ##[group]Runner Image Provisioner
build	UNKNOWN STEP	2025-07-15T06:40:41.2684908Z Hosted Compute Agent
build	UNKNOWN STEP	2025-07-15T06:40:41.2685429Z Version: 20250711.363
build	UNKNOWN STEP	2025-07-15T06:40:41.2686111Z Commit: 6785254374ce925a23743850c1cb91912ce5c14c
build	UNKNOWN STEP	2025-07-15T06:40:41.2686756Z Build Date: 2025-07-11T20:04:25Z
build	UNKNOWN STEP	2025-07-15T06:40:41.2687352Z ##[endgroup]
build	UNKNOWN STEP	2025-07-15T06:40:41.2687907Z ##[group]Operating System
build	UNKNOWN STEP	2025-07-15T06:40:41.2688492Z Ubuntu
build	UNKNOWN STEP	2025-07-15T06:40:41.2688972Z 24.04.2
build	UNKNOWN STEP	2025-07-15T06:40:41.2689435Z LTS
build	UNKNOWN STEP	2025-07-15T06:40:41.2689904Z ##[endgroup]
build	UNKNOWN STEP	2025-07-15T06:40:41.2690352Z ##[group]Runner Image
build	UNKNOWN STEP	2025-07-15T06:40:41.2690956Z Image: ubuntu-24.04
build	UNKNOWN STEP	2025-07-15T06:40:41.2691437Z Version: 20250710.1.0
build	UNKNOWN STEP	2025-07-15T06:40:41.2692430Z Included Software: https://github.com/actions/runner-images/blob/ubuntu24/20250710.1/images/ubuntu/Ubuntu2404-Readme.md
build	UNKNOWN STEP	2025-07-15T06:40:41.2694174Z Image Release: https://github.com/actions/runner-images/releases/tag/ubuntu24%2F20250710.1
build	UNKNOWN STEP	2025-07-15T06:40:41.2695133Z ##[endgroup]
build	UNKNOWN STEP	2025-07-15T06:40:41.2697546Z ##[group]GITHUB_TOKEN Permissions
build	UNKNOWN STEP	2025-07-15T06:40:41.2699492Z Actions: write
build	UNKNOWN STEP	2025-07-15T06:40:41.2700000Z Attestations: write
build	UNKNOWN STEP	2025-07-15T06:40:41.2700624Z Checks: write
build	UNKNOWN STEP	2025-07-15T06:40:41.2701070Z Contents: write
build	UNKNOWN STEP	2025-07-15T06:40:41.2701591Z Deployments: write
build	UNKNOWN STEP	2025-07-15T06:40:41.2702130Z Discussions: write
build	UNKNOWN STEP	2025-07-15T06:40:41.2702802Z Issues: write
build	UNKNOWN STEP	2025-07-15T06:40:41.2703262Z Metadata: read
build	UNKNOWN STEP	2025-07-15T06:40:41.2703799Z Models: read
build	UNKNOWN STEP	2025-07-15T06:40:41.2704280Z Packages: write
build	UNKNOWN STEP	2025-07-15T06:40:41.2704777Z Pages: write
build	UNKNOWN STEP	2025-07-15T06:40:41.2705323Z PullRequests: write
build	UNKNOWN STEP	2025-07-15T06:40:41.2705820Z RepositoryProjects: write
build	UNKNOWN STEP	2025-07-15T06:40:41.2706381Z SecurityEvents: write
build	UNKNOWN STEP	2025-07-15T06:40:41.2706996Z Statuses: write
build	UNKNOWN STEP	2025-07-15T06:40:41.2707517Z ##[endgroup]
build	UNKNOWN STEP	2025-07-15T06:40:41.2709671Z Secret source: Actions
build	UNKNOWN STEP	2025-07-15T06:40:41.2710413Z Prepare workflow directory
build	UNKNOWN STEP	2025-07-15T06:40:41.3054782Z Prepare all required actions
build	UNKNOWN STEP	2025-07-15T06:40:41.3095528Z Getting action download info
build	UNKNOWN STEP	2025-07-15T06:40:41.7510814Z ##[group]Download immutable action package 'actions/checkout@v4'
build	UNKNOWN STEP	2025-07-15T06:40:41.7511852Z Version: 4.2.2
build	UNKNOWN STEP	2025-07-15T06:40:41.7513239Z Digest: sha256:ccb2698953eaebd21c7bf6268a94f9c26518a7e38e27e0b83c1fe1ad049819b1
build	UNKNOWN STEP	2025-07-15T06:40:41.7514739Z Source commit SHA: 11bd71901bbe5b1630ceea73d27597364c9af683
build	UNKNOWN STEP	2025-07-15T06:40:41.7515516Z ##[endgroup]
build	UNKNOWN STEP	2025-07-15T06:40:41.8437024Z ##[group]Download immutable action package 'actions/setup-node@v4'
build	UNKNOWN STEP	2025-07-15T06:40:41.8438017Z Version: 4.4.0
build	UNKNOWN STEP	2025-07-15T06:40:41.8438794Z Digest: sha256:9427cefe82346e992fb5b949e3569b39d537ae41aa3086483b14eceebfc16bc1
build	UNKNOWN STEP	2025-07-15T06:40:41.8439693Z Source commit SHA: 49933ea5288caeca8642d1e84afbd3f7d6820020
build	UNKNOWN STEP	2025-07-15T06:40:41.8440476Z ##[endgroup]
build	UNKNOWN STEP	2025-07-15T06:40:42.0196114Z Complete job name: build
build	UNKNOWN STEP	2025-07-15T06:40:42.0905007Z ##[group]Run actions/checkout@v4
build	UNKNOWN STEP	2025-07-15T06:40:42.0905828Z with:
build	UNKNOWN STEP	2025-07-15T06:40:42.0906262Z   repository: yashmahi88/github-model-test-basic
build	UNKNOWN STEP	2025-07-15T06:40:42.0906998Z   token: ***
build	UNKNOWN STEP	2025-07-15T06:40:42.0907365Z   ssh-strict: true
build	UNKNOWN STEP	2025-07-15T06:40:42.0907746Z   ssh-user: git
build	UNKNOWN STEP	2025-07-15T06:40:42.0908131Z   persist-credentials: true
build	UNKNOWN STEP	2025-07-15T06:40:42.0908569Z   clean: true
build	UNKNOWN STEP	2025-07-15T06:40:42.0908955Z   sparse-checkout-cone-mode: true
build	UNKNOWN STEP	2025-07-15T06:40:42.0909429Z   fetch-depth: 1
build	UNKNOWN STEP	2025-07-15T06:40:42.0909800Z   fetch-tags: false
build	UNKNOWN STEP	2025-07-15T06:40:42.0910190Z   show-progress: true
build	UNKNOWN STEP	2025-07-15T06:40:42.0910580Z   lfs: false
build	UNKNOWN STEP	2025-07-15T06:40:42.0910937Z   submodules: false
build	UNKNOWN STEP	2025-07-15T06:40:42.0911327Z   set-safe-directory: true
build	UNKNOWN STEP	2025-07-15T06:40:42.0911955Z ##[endgroup]
build	UNKNOWN STEP	2025-07-15T06:40:42.1995198Z Syncing repository: yashmahi88/github-model-test-basic
build	UNKNOWN STEP	2025-07-15T06:40:42.1997745Z ##[group]Getting Git version info
build	UNKNOWN STEP	2025-07-15T06:40:42.1998851Z Working directory is '/home/runner/work/github-model-test-basic/github-model-test-basic'
build	UNKNOWN STEP	2025-07-15T06:40:42.2000075Z [command]/usr/bin/git version
build	UNKNOWN STEP	2025-07-15T06:40:42.2021277Z git version 2.50.1
build	UNKNOWN STEP	2025-07-15T06:40:42.2047105Z ##[endgroup]
build	UNKNOWN STEP	2025-07-15T06:40:42.2061134Z Temporarily overriding HOME='/home/runner/work/_temp/b75e8132-1a65-46c4-9639-006160299f66' before making global git config changes
build	UNKNOWN STEP	2025-07-15T06:40:42.2062649Z Adding repository directory to the temporary git global config as a safe directory
build	UNKNOWN STEP	2025-07-15T06:40:42.2066793Z [command]/usr/bin/git config --global --add safe.directory /home/runner/work/github-model-test-basic/github-model-test-basic
build	UNKNOWN STEP	2025-07-15T06:40:42.2105371Z Deleting the contents of '/home/runner/work/github-model-test-basic/github-model-test-basic'
build	UNKNOWN STEP	2025-07-15T06:40:42.2109124Z ##[group]Initializing the repository
build	UNKNOWN STEP	2025-07-15T06:40:42.2113771Z [command]/usr/bin/git init /home/runner/work/github-model-test-basic/github-model-test-basic
build	UNKNOWN STEP	2025-07-15T06:40:42.2176210Z hint: Using 'master' as the name for the initial branch. This default branch name
build	UNKNOWN STEP	2025-07-15T06:40:42.2177852Z hint: is subject to change. To configure the initial branch name to use in all
build	UNKNOWN STEP	2025-07-15T06:40:42.2178920Z hint: of your new repositories, which will suppress this warning, call:
build	UNKNOWN STEP	2025-07-15T06:40:42.2180087Z hint:
build	UNKNOWN STEP	2025-07-15T06:40:42.2180907Z hint: 	git config --global init.defaultBranch <name>
build	UNKNOWN STEP	2025-07-15T06:40:42.2181939Z hint:
build	UNKNOWN STEP	2025-07-15T06:40:42.2183078Z hint: Names commonly chosen instead of 'master' are 'main', 'trunk' and
build	UNKNOWN STEP	2025-07-15T06:40:42.2184648Z hint: 'development'. The just-created branch can be renamed via this command:
build	UNKNOWN STEP	2025-07-15T06:40:42.2185899Z hint:
build	UNKNOWN STEP	2025-07-15T06:40:42.2186566Z hint: 	git branch -m <name>
build	UNKNOWN STEP	2025-07-15T06:40:42.2187299Z hint:
build	UNKNOWN STEP	2025-07-15T06:40:42.2188252Z hint: Disable this message with "git config set advice.defaultBranchName false"
build	UNKNOWN STEP	2025-07-15T06:40:42.2190214Z Initialized empty Git repository in /home/runner/work/github-model-test-basic/github-model-test-basic/.git/
build	UNKNOWN STEP	2025-07-15T06:40:42.2193798Z [command]/usr/bin/git remote add origin https://github.com/yashmahi88/github-model-test-basic
build	UNKNOWN STEP	2025-07-15T06:40:42.2227982Z ##[endgroup]
build	UNKNOWN STEP	2025-07-15T06:40:42.2229149Z ##[group]Disabling automatic garbage collection
build	UNKNOWN STEP	2025-07-15T06:40:42.2233040Z [command]/usr/bin/git config --local gc.auto 0
build	UNKNOWN STEP	2025-07-15T06:40:42.2265901Z ##[endgroup]
build	UNKNOWN STEP	2025-07-15T06:40:42.2267071Z ##[group]Setting up auth
build	UNKNOWN STEP	2025-07-15T06:40:42.2273525Z [command]/usr/bin/git config --local --name-only --get-regexp core\.sshCommand
build	UNKNOWN STEP	2025-07-15T06:40:42.2304930Z [command]/usr/bin/git submodule foreach --recursive sh -c "git config --local --name-only --get-regexp 'core\.sshCommand' && git config --local --unset-all 'core.sshCommand' || :"
build	UNKNOWN STEP	2025-07-15T06:40:42.2600218Z [command]/usr/bin/git config --local --name-only --get-regexp http\.https\:\/\/github\.com\/\.extraheader
build	UNKNOWN STEP	2025-07-15T06:40:42.2630724Z [command]/usr/bin/git submodule foreach --recursive sh -c "git config --local --name-only --get-regexp 'http\.https\:\/\/github\.com\/\.extraheader' && git config --local --unset-all 'http.https://github.com/.extraheader' || :"
build	UNKNOWN STEP	2025-07-15T06:40:42.2853672Z [command]/usr/bin/git config --local http.https://github.com/.extraheader AUTHORIZATION: basic ***
build	UNKNOWN STEP	2025-07-15T06:40:42.2889099Z ##[endgroup]
build	UNKNOWN STEP	2025-07-15T06:40:42.2889856Z ##[group]Fetching the repository
build	UNKNOWN STEP	2025-07-15T06:40:42.2898323Z [command]/usr/bin/git -c protocol.version=2 fetch --no-tags --prune --no-recurse-submodules --depth=1 origin +2708fb722eba21364d02e283cc8bb23a8418dcd5:refs/remotes/origin/master
build	UNKNOWN STEP	2025-07-15T06:40:42.7418204Z From https://github.com/yashmahi88/github-model-test-basic
build	UNKNOWN STEP	2025-07-15T06:40:42.7419670Z  * [new ref]         2708fb722eba21364d02e283cc8bb23a8418dcd5 -> origin/master
build	UNKNOWN STEP	2025-07-15T06:40:42.7444523Z ##[endgroup]
build	UNKNOWN STEP	2025-07-15T06:40:42.7445247Z ##[group]Determining the checkout info
build	UNKNOWN STEP	2025-07-15T06:40:42.7446713Z ##[endgroup]
build	UNKNOWN STEP	2025-07-15T06:40:42.7451606Z [command]/usr/bin/git sparse-checkout disable
build	UNKNOWN STEP	2025-07-15T06:40:42.7491731Z [command]/usr/bin/git config --local --unset-all extensions.worktreeConfig
build	UNKNOWN STEP	2025-07-15T06:40:42.7521389Z ##[group]Checking out the ref
build	UNKNOWN STEP	2025-07-15T06:40:42.7525322Z [command]/usr/bin/git checkout --progress --force -B master refs/remotes/origin/master
build	UNKNOWN STEP	2025-07-15T06:40:42.7639553Z Reset branch 'master'
build	UNKNOWN STEP	2025-07-15T06:40:42.7640916Z branch 'master' set up to track 'origin/master'.
build	UNKNOWN STEP	2025-07-15T06:40:42.7647649Z ##[endgroup]
build	UNKNOWN STEP	2025-07-15T06:40:42.7688845Z [command]/usr/bin/git log -1 --format=%H
build	UNKNOWN STEP	2025-07-15T06:40:42.7713158Z 2708fb722eba21364d02e283cc8bb23a8418dcd5
build	UNKNOWN STEP	2025-07-15T06:40:42.7949730Z ##[group]Run actions/setup-node@v4
build	UNKNOWN STEP	2025-07-15T06:40:42.7950241Z with:
build	UNKNOWN STEP	2025-07-15T06:40:42.7950586Z   node-version: 18
build	UNKNOWN STEP	2025-07-15T06:40:42.7950957Z   always-auth: false
build	UNKNOWN STEP	2025-07-15T06:40:42.7951347Z   check-latest: false
build	UNKNOWN STEP	2025-07-15T06:40:42.7951877Z   token: ***
build	UNKNOWN STEP	2025-07-15T06:40:42.7952225Z ##[endgroup]
build	UNKNOWN STEP	2025-07-15T06:40:42.9771231Z Found in cache @ /opt/hostedtoolcache/node/18.20.8/x64
build	UNKNOWN STEP	2025-07-15T06:40:42.9776552Z ##[group]Environment details
build	UNKNOWN STEP	2025-07-15T06:40:45.1484733Z node: v18.20.8
build	UNKNOWN STEP	2025-07-15T06:40:45.1485510Z npm: 10.8.2
build	UNKNOWN STEP	2025-07-15T06:40:45.1485948Z yarn: 1.22.22
build	UNKNOWN STEP	2025-07-15T06:40:45.1487242Z ##[endgroup]
build	UNKNOWN STEP	2025-07-15T06:40:45.1605445Z ##[group]Run npm init -y
build	UNKNOWN STEP	2025-07-15T06:40:45.1605830Z [36;1mnpm init -y[0m
build	UNKNOWN STEP	2025-07-15T06:40:45.1643856Z shell: /usr/bin/bash -e {0}
build	UNKNOWN STEP	2025-07-15T06:40:45.1644178Z ##[endgroup]
build	UNKNOWN STEP	2025-07-15T06:40:46.8955372Z Wrote to /home/runner/work/github-model-test-basic/github-model-test-basic/package.json:
build	UNKNOWN STEP	2025-07-15T06:40:46.8955947Z 
build	UNKNOWN STEP	2025-07-15T06:40:46.8956098Z {
build	UNKNOWN STEP	2025-07-15T06:40:46.8956406Z   "name": "github-model-test-basic",
build	UNKNOWN STEP	2025-07-15T06:40:46.8956753Z   "version": "1.0.0",
build	UNKNOWN STEP	2025-07-15T06:40:46.8957072Z   "main": "index.js",
build	UNKNOWN STEP	2025-07-15T06:40:46.8957449Z   "scripts": {
build	UNKNOWN STEP	2025-07-15T06:40:46.8957824Z     "test": "echo \"Error: no test specified\" && exit 1"
build	UNKNOWN STEP	2025-07-15T06:40:46.8958213Z   },
build	UNKNOWN STEP	2025-07-15T06:40:46.8958438Z   "keywords": [],
build	UNKNOWN STEP	2025-07-15T06:40:46.8958682Z   "author": "",
build	UNKNOWN STEP	2025-07-15T06:40:46.8958945Z   "license": "ISC",
build	UNKNOWN STEP	2025-07-15T06:40:46.8959186Z   "description": ""
build	UNKNOWN STEP	2025-07-15T06:40:46.8959456Z }
build	UNKNOWN STEP	2025-07-15T06:40:46.8959579Z 
build	UNKNOWN STEP	2025-07-15T06:40:46.8959601Z 
build	UNKNOWN STEP	2025-07-15T06:40:46.8968877Z 
build	UNKNOWN STEP	2025-07-15T06:40:46.9078040Z ##[group]Run sudo apt-get update && sudo apt-get install -y jq
build	UNKNOWN STEP	2025-07-15T06:40:46.9078617Z [36;1msudo apt-get update && sudo apt-get install -y jq[0m
build	UNKNOWN STEP	2025-07-15T06:40:46.9109953Z shell: /usr/bin/bash -e {0}
build	UNKNOWN STEP	2025-07-15T06:40:46.9110246Z ##[endgroup]
build	UNKNOWN STEP	2025-07-15T06:40:46.9856471Z Get:1 file:/etc/apt/apt-mirrors.txt Mirrorlist [144 B]
build	UNKNOWN STEP	2025-07-15T06:40:47.0230857Z Hit:2 http://azure.archive.ubuntu.com/ubuntu noble InRelease
build	UNKNOWN STEP	2025-07-15T06:40:47.0243088Z Get:3 http://azure.archive.ubuntu.com/ubuntu noble-updates InRelease [126 kB]
build	UNKNOWN STEP	2025-07-15T06:40:47.0310415Z Get:4 http://azure.archive.ubuntu.com/ubuntu noble-backports InRelease [126 kB]
build	UNKNOWN STEP	2025-07-15T06:40:47.0337203Z Get:5 http://azure.archive.ubuntu.com/ubuntu noble-security InRelease [126 kB]
build	UNKNOWN STEP	2025-07-15T06:40:47.0352463Z Hit:6 https://packages.microsoft.com/repos/azure-cli noble InRelease
build	UNKNOWN STEP	2025-07-15T06:40:47.0634327Z Get:7 https://packages.microsoft.com/ubuntu/24.04/prod noble InRelease [3600 B]
build	UNKNOWN STEP	2025-07-15T06:40:47.1653279Z Get:8 http://azure.archive.ubuntu.com/ubuntu noble-updates/main amd64 Packages [1238 kB]
build	UNKNOWN STEP	2025-07-15T06:40:47.1873323Z Get:9 http://azure.archive.ubuntu.com/ubuntu noble-updates/main Translation-en [253 kB]
build	UNKNOWN STEP	2025-07-15T06:40:47.1909497Z Get:10 http://azure.archive.ubuntu.com/ubuntu noble-updates/main amd64 Components [163 kB]
build	UNKNOWN STEP	2025-07-15T06:40:47.1929315Z Get:11 http://azure.archive.ubuntu.com/ubuntu noble-updates/universe amd64 Packages [1106 kB]
build	UNKNOWN STEP	2025-07-15T06:40:47.2015068Z Get:12 http://azure.archive.ubuntu.com/ubuntu noble-updates/universe Translation-en [282 kB]
build	UNKNOWN STEP	2025-07-15T06:40:47.2066608Z Get:13 http://azure.archive.ubuntu.com/ubuntu noble-updates/universe amd64 Components [377 kB]
build	UNKNOWN STEP	2025-07-15T06:40:47.2124053Z Get:14 http://azure.archive.ubuntu.com/ubuntu noble-updates/restricted amd64 Packages [1418 kB]
build	UNKNOWN STEP	2025-07-15T06:40:47.2223798Z Get:15 http://azure.archive.ubuntu.com/ubuntu noble-updates/restricted Translation-en [303 kB]
build	UNKNOWN STEP	2025-07-15T06:40:47.2261805Z Get:16 http://azure.archive.ubuntu.com/ubuntu noble-updates/restricted amd64 Components [212 B]
build	UNKNOWN STEP	2025-07-15T06:40:47.2272100Z Get:17 http://azure.archive.ubuntu.com/ubuntu noble-updates/multiverse amd64 Components [940 B]
build	UNKNOWN STEP	2025-07-15T06:40:47.2768905Z Get:18 http://azure.archive.ubuntu.com/ubuntu noble-backports/main amd64 Components [7060 B]
build	UNKNOWN STEP	2025-07-15T06:40:47.2817540Z Get:19 http://azure.archive.ubuntu.com/ubuntu noble-backports/universe amd64 Components [28.4 kB]
build	UNKNOWN STEP	2025-07-15T06:40:47.2819605Z Get:20 http://azure.archive.ubuntu.com/ubuntu noble-backports/restricted amd64 Components [216 B]
build	UNKNOWN STEP	2025-07-15T06:40:47.2821987Z Get:21 http://azure.archive.ubuntu.com/ubuntu noble-backports/multiverse amd64 Components [212 B]
build	UNKNOWN STEP	2025-07-15T06:40:47.2842976Z Get:22 http://azure.archive.ubuntu.com/ubuntu noble-security/main amd64 Packages [986 kB]
build	UNKNOWN STEP	2025-07-15T06:40:47.2904749Z Get:23 http://azure.archive.ubuntu.com/ubuntu noble-security/main Translation-en [175 kB]
build	UNKNOWN STEP	2025-07-15T06:40:47.2933366Z Get:24 http://azure.archive.ubuntu.com/ubuntu noble-security/main amd64 Components [21.6 kB]
build	UNKNOWN STEP	2025-07-15T06:40:47.2945509Z Get:25 http://azure.archive.ubuntu.com/ubuntu noble-security/universe amd64 Packages [872 kB]
build	UNKNOWN STEP	2025-07-15T06:40:47.3011192Z Get:26 http://azure.archive.ubuntu.com/ubuntu noble-security/universe Translation-en [192 kB]
build	UNKNOWN STEP	2025-07-15T06:40:47.3034269Z Get:27 http://azure.archive.ubuntu.com/ubuntu noble-security/universe amd64 Components [52.3 kB]
build	UNKNOWN STEP	2025-07-15T06:40:47.3056294Z Get:28 http://azure.archive.ubuntu.com/ubuntu noble-security/restricted amd64 Packages [1373 kB]
build	UNKNOWN STEP	2025-07-15T06:40:47.3167634Z Get:29 http://azure.archive.ubuntu.com/ubuntu noble-security/restricted Translation-en [294 kB]
build	UNKNOWN STEP	2025-07-15T06:40:47.3194525Z Get:30 http://azure.archive.ubuntu.com/ubuntu noble-security/restricted amd64 Components [212 B]
build	UNKNOWN STEP	2025-07-15T06:40:47.3203230Z Get:31 http://azure.archive.ubuntu.com/ubuntu noble-security/multiverse amd64 Components [208 B]
build	UNKNOWN STEP	2025-07-15T06:40:47.3846775Z Get:32 https://packages.microsoft.com/ubuntu/24.04/prod noble/main arm64 Packages [26.5 kB]
build	UNKNOWN STEP	2025-07-15T06:40:47.3903091Z Get:33 https://packages.microsoft.com/ubuntu/24.04/prod noble/main amd64 Packages [40.3 kB]
build	UNKNOWN STEP	2025-07-15T06:40:47.3966411Z Get:34 https://packages.microsoft.com/ubuntu/24.04/prod noble/main armhf Packages [9349 B]
build	UNKNOWN STEP	2025-07-15T06:40:54.1474858Z Fetched 9601 kB in 1s (8188 kB/s)
build	UNKNOWN STEP	2025-07-15T06:40:54.9209554Z Reading package lists...
build	UNKNOWN STEP	2025-07-15T06:40:54.9539173Z Reading package lists...
build	UNKNOWN STEP	2025-07-15T06:40:55.1729870Z Building dependency tree...
build	UNKNOWN STEP	2025-07-15T06:40:55.1737871Z Reading state information...
build	UNKNOWN STEP	2025-07-15T06:40:55.3824062Z jq is already the newest version (1.7.1-3build1).
build	UNKNOWN STEP	2025-07-15T06:40:55.3824927Z 0 upgraded, 0 newly installed, 0 to remove and 22 not upgraded.
build	UNKNOWN STEP	2025-07-15T06:40:55.3945692Z ##[group]Run jq '.scripts = {
build	UNKNOWN STEP	2025-07-15T06:40:55.3946174Z [36;1mjq '.scripts = {[0m
build	UNKNOWN STEP	2025-07-15T06:40:55.3946521Z [36;1m  "lint": "echo Lint successful",[0m
build	UNKNOWN STEP	2025-07-15T06:40:55.3946914Z [36;1m  "test": "echo Tests passed"[0m
build	UNKNOWN STEP	2025-07-15T06:40:55.3947475Z [36;1m}' package.json > tmp.json && mv tmp.json package.json[0m
build	UNKNOWN STEP	2025-07-15T06:40:55.3979331Z shell: /usr/bin/bash -e {0}
build	UNKNOWN STEP	2025-07-15T06:40:55.3979565Z ##[endgroup]
build	UNKNOWN STEP	2025-07-15T06:40:55.4296165Z ##[group]Run npm install
build	UNKNOWN STEP	2025-07-15T06:40:55.4296437Z [36;1mnpm install[0m
build	UNKNOWN STEP	2025-07-15T06:40:55.4324925Z shell: /usr/bin/bash -e {0}
build	UNKNOWN STEP	2025-07-15T06:40:55.4325163Z ##[endgroup]
build	UNKNOWN STEP	2025-07-15T06:40:55.8157357Z 
build	UNKNOWN STEP	2025-07-15T06:40:55.8157848Z up to date, audited 1 package in 311ms
build	UNKNOWN STEP	2025-07-15T06:40:55.8167343Z 
build	UNKNOWN STEP	2025-07-15T06:40:55.8167546Z found 0 vulnerabilities
build	UNKNOWN STEP	2025-07-15T06:40:55.8260890Z ##[group]Run npm run lint
build	UNKNOWN STEP	2025-07-15T06:40:55.8261144Z [36;1mnpm run lint[0m
build	UNKNOWN STEP	2025-07-15T06:40:55.8288822Z shell: /usr/bin/bash -e {0}
build	UNKNOWN STEP	2025-07-15T06:40:55.8289049Z ##[endgroup]
build	UNKNOWN STEP	2025-07-15T06:40:55.9624098Z 
build	UNKNOWN STEP	2025-07-15T06:40:55.9625186Z > github-model-test-basic@1.0.0 lint
build	UNKNOWN STEP	2025-07-15T06:40:55.9625740Z > echo Lint successful
build	UNKNOWN STEP	2025-07-15T06:40:55.9625986Z 
build	UNKNOWN STEP	2025-07-15T06:40:55.9803759Z Lint successful
build	UNKNOWN STEP	2025-07-15T06:40:55.9923002Z ##[group]Run npm test
build	UNKNOWN STEP	2025-07-15T06:40:55.9923311Z [36;1mnpm test[0m
build	UNKNOWN STEP	2025-07-15T06:40:55.9950420Z shell: /usr/bin/bash -e {0}
build	UNKNOWN STEP	2025-07-15T06:40:55.9950663Z ##[endgroup]
build	UNKNOWN STEP	2025-07-15T06:40:56.1277949Z 
build	UNKNOWN STEP	2025-07-15T06:40:56.1278738Z > github-model-test-basic@1.0.0 test
build	UNKNOWN STEP	2025-07-15T06:40:56.1279355Z > echo Tests passed
build	UNKNOWN STEP	2025-07-15T06:40:56.1279582Z 
build	UNKNOWN STEP	2025-07-15T06:40:56.1320194Z Tests passed
build	UNKNOWN STEP	2025-07-15T06:40:56.1441780Z Post job cleanup.
build	UNKNOWN STEP	2025-07-15T06:40:56.3135180Z Post job cleanup.
build	UNKNOWN STEP	2025-07-15T06:40:56.4079970Z [command]/usr/bin/git version
build	UNKNOWN STEP	2025-07-15T06:40:56.4115770Z git version 2.50.1
build	UNKNOWN STEP	2025-07-15T06:40:56.4159876Z Temporarily overriding HOME='/home/runner/work/_temp/845565a3-36fe-458c-ada0-0a51349328ae' before making global git config changes
build	UNKNOWN STEP	2025-07-15T06:40:56.4161378Z Adding repository directory to the temporary git global config as a safe directory
build	UNKNOWN STEP	2025-07-15T06:40:56.4166680Z [command]/usr/bin/git config --global --add safe.directory /home/runner/work/github-model-test-basic/github-model-test-basic
build	UNKNOWN STEP	2025-07-15T06:40:56.4206881Z [command]/usr/bin/git config --local --name-only --get-regexp core\.sshCommand
build	UNKNOWN STEP	2025-07-15T06:40:56.4239638Z [command]/usr/bin/git submodule foreach --recursive sh -c "git config --local --name-only --get-regexp 'core\.sshCommand' && git config --local --unset-all 'core.sshCommand' || :"
build	UNKNOWN STEP	2025-07-15T06:40:56.4465259Z [command]/usr/bin/git config --local --name-only --get-regexp http\.https\:\/\/github\.com\/\.extraheader
build	UNKNOWN STEP	2025-07-15T06:40:56.4485939Z http.https://github.com/.extraheader
build	UNKNOWN STEP	2025-07-15T06:40:56.4498351Z [command]/usr/bin/git config --local --unset-all http.https://github.com/.extraheader
build	UNKNOWN STEP	2025-07-15T06:40:56.4528641Z [command]/usr/bin/git submodule foreach --recursive sh -c "git config --local --name-only --get-regexp 'http\.https\:\/\/github\.com\/\.extraheader' && git config --local --unset-all 'http.https://github.com/.extraheader' || :"
build	UNKNOWN STEP	2025-07-15T06:40:56.4859246Z Cleaning up orphan processes
